313 : _game_hidemouse                                                                         S:151MB V: (3972,881)   
313 : set resolution for game                                                                 S:0MB   V: (3972,881)   
322 : set display mode                                                                        S:0MB   V: (3972,881)   
331 : set camera aspect                                                                       S:0MB   V: (3972,881)   
340 : Special VR-Mode Flag: 0                                                                 S:0MB   V: (3972,881)   
348 : pixel states                                                                            S:0MB   V: (3972,881)   
353 : LOADING FONTS                                                                           S:0MB   V: (3972,881)   
360 : initbitmapfont - startlegacy image loading                                              S:0MB   V: (3972,881)   
365 : initbitmapfont - deleting old images                                                    S:0MB   V: (3972,881)   
371 : initbitmapfont - first font load                                                        S:0MB   V: (3972,881)   
386 : initbitmapfont - first font shrink                                                      S:0MB   V: (3972,881)   
387 : initbitmapfont - remaining font loads                                                   S:0MB   V: (3972,881)   
431 : shrinkbitmapfont - new medium small size text                                           S:0MB   V: (3972,885)   
434 : initbitmapfont - finish legacy loading                                                  S:0MB   V: (3973,886)   
442 : Just about to read languagebank\english\textfiles\guru-wordcount.ini                    S:0MB   V: (3973,886)   
445 : Language File Path:C:\Program Files (x86)\Steam\steamapps\common\GameGuru MAX\Files\languagebank\english\textfiles (exist=1) S:0MB   V: (3973,886)   
452 : trueappname_s=Guru-Game                                                                 S:0MB   V: (3973,886)   
457 : main game executable                                                                    S:0MB   V: (3973,886)   
463 : _mp_init:                                                                               S:0MB   V: (3973,886)   
469 : choose VR system with mode 0                                                            S:0MB   V: (3973,886)   
476 : Error Choosing VR System : Code 1                                                       S:0MB   V: (3973,886)   
482 : switching VR off, headset not detected                                                  S:0MB   V: (3973,886)   
488 : _material_init (0)                                                                      S:0MB   V: (3973,886)   
503 : LOADING FONTS                                                                           S:0MB   V: (3973,886)   
504 : initbitmapfont - startlegacy image loading                                              S:0MB   V: (3973,886)   
510 : initbitmapfont - deleting old images                                                    S:0MB   V: (3973,886)   
522 : initbitmapfont - first font load                                                        S:0MB   V: (3973,886)   
537 : initbitmapfont - first font shrink                                                      S:0MB   V: (3972,887)   
539 : initbitmapfont - remaining font loads                                                   S:0MB   V: (3973,887)   
577 : shrinkbitmapfont - new medium small size text                                           S:0MB   V: (3973,890)   
577 : initbitmapfont - finish legacy loading                                                  S:0MB   V: (3973,890)   
586 : LOADING FONTS                                                                           S:0MB   V: (3973,890)   
592 : initbitmapfont                                                                          S:0MB   V: (3973,890)   
602 : initbitmapfont - startlegacy image loading                                              S:0MB   V: (3973,890)   
608 : initbitmapfont - deleting old images                                                    S:0MB   V: (3973,890)   
615 : initbitmapfont - first font load                                                        S:0MB   V: (3973,890)   
630 : initbitmapfont - first font shrink                                                      S:0MB   V: (3972,891)   
631 : initbitmapfont - remaining font loads                                                   S:0MB   V: (3973,891)   
673 : shrinkbitmapfont - new medium small size text                                           S:0MB   V: (3973,895)   
673 : initbitmapfont - finish legacy loading                                                  S:0MB   V: (3973,895)   
683 : INIT VECTORS                                                                            S:0MB   V: (3973,895)   
692 : INIT TERRAIN ASSETS                                                                     S:0MB   V: (3973,895)   
699 : INIT GAME VISUAL ASSETS                                                                 S:0MB   V: (3973,895)   
705 : visuals.sky$=None                                                                       S:0MB   V: (3973,895)   
711 : visuals.terrain$=                                                                       S:0MB   V: (3973,895)   
722 : visuals.vegetation$=                                                                    S:0MB   V: (3973,895)   
743 : wiRenderer::SetShadowProps2D: 5                                                         S:196MB V: (4170,895)   
744 : wiRenderer::SetShadowPropsSpot2D: 2                                                     S:80MB  V: (4250,895)   
750 : wiRenderer::SetShadowPropsCube: 2                                                       S:2MB   V: (4253,895)   
846 : INIT DECAL ASSETS                                                                       S:12MB  V: (4265,895)   
856 : total decals=27                                                                         S:0MB   V: (4265,895)   
864 : SCANNING G-LIST                                                                         S:3MB   V: (4268,895)   
917 : gun 1:aztec\AztecDagger\gunspec.txt                                                     S:0MB   V: (4268,895)   
918 : gun 2:enhanced\AK\gunspec.txt                                                           S:0MB   V: (4268,895)   
924 : gun 3:enhanced\AR\gunspec.txt                                                           S:0MB   V: (4268,895)   
930 : gun 4:enhanced\B810\gunspec.txt                                                         S:0MB   V: (4268,895)   
937 : gun 5:enhanced\Gloves_Unarmed\gunspec.txt                                               S:0MB   V: (4268,895)   
943 : gun 6:enhanced\M29S\gunspec.txt                                                         S:0MB   V: (4268,895)   
950 : gun 7:enhanced\M67\gunspec.txt                                                          S:0MB   V: (4268,895)   
956 : gun 8:enhanced\Mk18\gunspec.txt                                                         S:0MB   V: (4268,895)   
962 : gun 9:enhanced\Mk19T\gunspec.txt                                                        S:0MB   V: (4268,895)   
970 : gun 10:enhanced\R870\gunspec.txt                                                        S:0MB   V: (4268,895)   
976 : gun 11:enhanced\SledgeHammer\gunspec.txt                                                S:0MB   V: (4268,895)   
983 : gun 12:interactive\swimming\gunspec.txt                                                 S:0MB   V: (4268,895)   
989 : gun 13:lowpoly\Adamant Grand Maul\gunspec.txt                                           S:0MB   V: (4268,895)   
995 : gun 14:lowpoly\Ancient Greatsword\gunspec.txt                                           S:0MB   V: (4268,895)   
1001 : gun 15:lowpoly\Arcane Warhammer\gunspec.txt                                            S:0MB   V: (4268,895)   
1008 : gun 16:lowpoly\Broad Mattock\gunspec.txt                                               S:0MB   V: (4268,895)   
1014 : gun 17:lowpoly\Broadhead Mallet\gunspec.txt                                            S:0MB   V: (4268,895)   
1021 : gun 18:lowpoly\Charged Claymore\gunspec.txt                                            S:0MB   V: (4268,895)   
1028 : gun 19:lowpoly\Chunk O Meat\gunspec.txt                                                S:0MB   V: (4268,895)   
1034 : gun 20:lowpoly\Claymore\gunspec.txt                                                    S:0MB   V: (4268,895)   
1044 : gun 21:lowpoly\Crude Bone Mallet\gunspec.txt                                           S:0MB   V: (4268,895)   
1050 : gun 22:lowpoly\Crude Mallet\gunspec.txt                                                S:0MB   V: (4268,895)   
1057 : gun 23:lowpoly\Cruel Spiked Mallet\gunspec.txt                                         S:0MB   V: (4268,895)   
1064 : gun 24:lowpoly\Curved Sabre\gunspec.txt                                                S:0MB   V: (4268,895)   
1071 : gun 25:lowpoly\Dryad Foxglove Rod\gunspec.txt                                          S:0MB   V: (4268,895)   
1077 : gun 26:lowpoly\Dryad Wand\gunspec.txt                                                  S:0MB   V: (4268,895)   
1084 : gun 27:lowpoly\Dull Cleaver\gunspec.txt                                                S:0MB   V: (4268,895)   
1092 : gun 28:lowpoly\Elemental Acid Cleaver\gunspec.txt                                      S:0MB   V: (4268,895)   
1102 : gun 29:lowpoly\Elemental Fire Cleaver\gunspec.txt                                      S:0MB   V: (4268,895)   
1109 : gun 30:lowpoly\Elemental Poison Cleaver\gunspec.txt                                    S:0MB   V: (4268,895)   
1117 : gun 31:lowpoly\Guarded Sabre\gunspec.txt                                               S:0MB   V: (4268,895)   
1123 : gun 32:lowpoly\Heavy Battle Hammer\gunspec.txt                                         S:0MB   V: (4268,895)   
1129 : gun 33:lowpoly\Heavy Crossblade Axe\gunspec.txt                                        S:0MB   V: (4268,895)   
1137 : gun 34:lowpoly\Heavy Lumphammer\gunspec.txt                                            S:0MB   V: (4268,895)   
1143 : gun 35:lowpoly\Infernal Reaver\gunspec.txt                                             S:0MB   V: (4268,895)   
1149 : gun 36:lowpoly\Jagged Cleaver\gunspec.txt                                              S:0MB   V: (4268,895)   
1156 : gun 37:lowpoly\Knobbled Baton\gunspec.txt                                              S:0MB   V: (4268,895)   
1162 : gun 38:lowpoly\Mechanical Cleaver\gunspec.txt                                          S:0MB   V: (4268,895)   
1170 : gun 39:lowpoly\Mystic Sabre\gunspec.txt                                                S:0MB   V: (4268,895)   
1176 : gun 40:lowpoly\Mystic Short Cleaver\gunspec.txt                                        S:0MB   V: (4268,895)   
1183 : gun 41:lowpoly\Necromancer Blade\gunspec.txt                                           S:0MB   V: (4268,895)   
1190 : gun 42:lowpoly\Necromancer Greatax\gunspec.txt                                         S:0MB   V: (4268,895)   
1197 : gun 43:lowpoly\Ornate Broadhead Mallet\gunspec.txt                                     S:0MB   V: (4268,895)   
1204 : gun 44:lowpoly\Pious Shortsword\gunspec.txt                                            S:0MB   V: (4268,895)   
1210 : gun 45:lowpoly\Plain Cleaver\gunspec.txt                                               S:0MB   V: (4268,895)   
1218 : gun 46:lowpoly\Poison Core Cleaver\gunspec.txt                                         S:0MB   V: (4268,895)   
1225 : gun 47:lowpoly\Reapers Scythe\gunspec.txt                                              S:0MB   V: (4268,895)   
1232 : gun 48:lowpoly\Ripped Broadsword\gunspec.txt                                           S:0MB   V: (4268,895)   
1239 : gun 49:lowpoly\Serrated Chopper\gunspec.txt                                            S:0MB   V: (4268,895)   
1247 : gun 50:lowpoly\Sharp Chopper\gunspec.txt                                               S:0MB   V: (4268,895)   
1254 : gun 51:lowpoly\Sharp Greatax\gunspec.txt                                               S:0MB   V: (4268,895)   
1261 : gun 52:lowpoly\Short Cleaver\gunspec.txt                                               S:0MB   V: (4268,895)   
1268 : gun 53:lowpoly\Short Iron Cleaver\gunspec.txt                                          S:0MB   V: (4268,895)   
1274 : gun 54:lowpoly\Solid Steel Maul\gunspec.txt                                            S:0MB   V: (4268,895)   
1282 : gun 55:lowpoly\Spiked Heavy Cleaver\gunspec.txt                                        S:0MB   V: (4268,895)   
1288 : gun 56:lowpoly\Spiked Sledgehammer\gunspec.txt                                         S:0MB   V: (4268,895)   
1295 : gun 57:lowpoly\Spikey Club\gunspec.txt                                                 S:0MB   V: (4268,895)   
1302 : gun 58:lowpoly\Stout Heavy Blade\gunspec.txt                                           S:0MB   V: (4268,895)   
1309 : gun 59:lowpoly\Stripped Baton\gunspec.txt                                              S:0MB   V: (4268,895)   
1316 : gun 60:lowpoly\Stylish Chopper\gunspec.txt                                             S:0MB   V: (4268,895)   
1323 : gun 61:lowpoly\Templar Mace\gunspec.txt                                                S:0MB   V: (4268,895)   
1329 : gun 62:lowpoly\Thunderous Warhammer\gunspec.txt                                        S:0MB   V: (4268,895)   
1337 : gun 63:lowpoly\Wicked Longsword\gunspec.txt                                            S:0MB   V: (4268,895)   
1343 : gun 64:lowpoly\Wight Blade\gunspec.txt                                                 S:0MB   V: (4268,895)   
1351 : gun 65:lowpoly\Woodchopper\gunspec.txt                                                 S:0MB   V: (4268,895)   
1358 : gun 66:lowpoly\Wooden Rod\gunspec.txt                                                  S:0MB   V: (4268,895)   
1364 : gun 67:max\Colt\gunspec.txt                                                            S:0MB   V: (4268,895)   
1372 : gun 68:modern\RPG\gunspec.txt                                                          S:0MB   V: (4268,895)   
1378 : gun 69:Slot Not Used\gunspec.txt                                                       S:0MB   V: (4268,895)   
1385 : gun 70:tools\Hammer\gunspec.txt                                                        S:0MB   V: (4268,895)   
1393 : gun 71:tools\Handsaw\gunspec.txt                                                       S:0MB   V: (4268,895)   
1399 : gun 72:tools\Shovel\gunspec.txt                                                        S:0MB   V: (4268,895)   
1409 : gun 73:enhanced\AK\gunspec.txt                                                         S:0MB   V: (4268,895)   
1413 : gun 74:enhanced\AR\gunspec.txt                                                         S:0MB   V: (4268,895)   
1421 : gun 75:enhanced\Gloves_Unarmed\gunspec.txt                                             S:0MB   V: (4268,895)   
1428 : gun 76:enhanced\M67\gunspec.txt                                                        S:0MB   V: (4268,895)   
1435 : gun 77:enhanced\Mk18\gunspec.txt                                                       S:0MB   V: (4268,895)   
1442 : gun 78:enhanced\Mk19T\gunspec.txt                                                      S:0MB   V: (4268,895)   
1449 : gun 79:enhanced\R870\gunspec.txt                                                       S:0MB   V: (4268,895)   
1456 : total guns=79                                                                          S:0MB   V: (4268,895)   
1517 : new total guns=79                                                                      S:0MB   V: (4269,895)   
1910 : LOAD PLAYER SOUNDS                                                                     S:0MB   V: (4269,895)   
1943 : CREATING TERRAIN                                                                       S:25MB  V: (4294,895)   
1943 : INIT POST PROCESSING                                                                   S:0MB   V: (4294,895)   
1950 : INIT RAGDOLL SYSTEM                                                                    S:0MB   V: (4294,895)   
1957 : CREATING P-LIST                                                                        S:0MB   V: (4294,895)   
1965 : Preparing ProjectileTypes                                                              S:0MB   V: (4294,895)   
1973 : Loading ProjectileTypes                                                                S:0MB   V: (4294,895)   
1978 : common\explode\a.dds                                                                   S:0MB   V: (4294,895)   
1986 : common\explode\b.dds                                                                   S:0MB   V: (4294,895)   
1992 : common\explode\c.dds                                                                   S:0MB   V: (4294,895)   
1999 : common\explode\explode.txt                                                             S:0MB   V: (4294,895)   
2006 : common\explode                                                                         S:0MB   V: (4294,895)   
2049 : loadinternaltextureex (effectbank\reloaded\media\detail_default.dds, 1, 0)=0           S:1MB   V: (4295,895)   
2051 : common\explode\instantexplode.wav                                                      S:0MB   V: (4296,895)   
2056 : enhanced\m67\a.dds                                                                     S:0MB   V: (4296,895)   
2064 : enhanced\m67\b.dds                                                                     S:0MB   V: (4296,895)   
2071 : enhanced\m67\c.dds                                                                     S:0MB   V: (4296,895)   
2077 : enhanced\m67\handgrenadeexplode.wav                                                    S:0MB   V: (4296,895)   
2084 : enhanced\m67\handgrenadefallhard.wav                                                   S:0MB   V: (4296,895)   
2091 : enhanced\m67\handgrenadefallsoft.wav                                                   S:0MB   V: (4296,895)   
2097 : enhanced\m67\m67.dbo                                                                   S:0MB   V: (4296,895)   
2104 : enhanced\m67\m67.txt                                                                   S:0MB   V: (4296,895)   
2111 : enhanced\m67                                                                           S:0MB   V: (4296,895)   
2150 : enhanced\m67\m67_D.dds                                                                 S:3MB   V: (4299,896)   
2150 : enhanced\m67\m67_N.dds                                                                 S:0MB   V: (4299,896)   
2158 : enhanced\m67\m67_S.dds                                                                 S:0MB   V: (4299,896)   
2164 : enhanced\m67\m67_surface.dds                                                           S:0MB   V: (4299,896)   
2170 : modern\rpggrenade\rpggrenade.txt                                                       S:0MB   V: (4299,896)   
2177 : modern\rpggrenade                                                                      S:0MB   V: (4299,896)   
2220 : modern\rpggrenade\rpggrenade.x                                                         S:2MB   V: (4301,897)   
2221 : modern\rpggrenade\rpggrenadeexplode.wav                                                S:0MB   V: (4301,897)   
2227 : modern\rpggrenade\rpggrenadefly.wav                                                    S:0MB   V: (4301,897)   
2235 : modern\rpggrenade\rpggrenade_D.dds                                                     S:0MB   V: (4301,897)   
2242 : modern\rpggrenade\rpggrenade_N.dds                                                     S:0MB   V: (4301,897)   
2249 : modern\rpggrenade\rpggrenade_S.dds                                                     S:0MB   V: (4301,897)   
2255 : modern\rpggrenade\rpggrenade_surface.dds                                               S:0MB   V: (4301,897)   
2263 : TracerParticle.dbo                                                                     S:0MB   V: (4301,897)   
2271 :                                                                                        S:0MB   V: (4301,897)   
2277 : CREATING E-LIST                                                                        S:0MB   V: (4301,897)   
2337 : LOADING INTO P-LIST                                                                    S:14MB  V: (4315,897)   
2338 : REFRESH SKY ASSETS                                                                     S:0MB   V: (4315,897)   
2345 : entering skybank                                                                       S:0MB   V: (4315,897)   
2353 : checking skybank files                                                                 S:0MB   V: (4315,897)   
2359 : clear                                                                                  S:0MB   V: (4315,897)   
2366 : cloudy                                                                                 S:0MB   V: (4315,897)   
2374 : highcloud                                                                              S:0MB   V: (4315,898)   
2381 : night                                                                                  S:0MB   V: (4315,898)   
2388 : overcast                                                                               S:0MB   V: (4316,898)   
2395 : stormy                                                                                 S:0MB   V: (4316,898)   
2402 : sunny                                                                                  S:0MB   V: (4316,898)   
2410 : sunrise                                                                                S:0MB   V: (4316,898)   
2418 : sunset                                                                                 S:0MB   V: (4316,898)   
2426 : entering skybank                                                                       S:0MB   V: (4316,898)   
2431 : finished sky bank scan                                                                 S:0MB   V: (4316,898)   
2438 : REFRESH B-LIST ASSETS                                                                  S:0MB   V: (4316,898)   
2909 : _terrain_load                                                                          S:88MB  V: (4404,987)   
2961 : new total guns=79                                                                      S:8MB   V: (4413,987)   
2961 : Main Game Executable Loop Starts                                                       S:0MB   V: (4413,987)   
2972 : PREVIEWMAP: Save config                                                                S:0MB   V: (4413,987)   
2977 : entering skybank                                                                       S:0MB   V: (4413,987)   
2983 : checking skybank files                                                                 S:0MB   V: (4413,987)   
2991 : clear                                                                                  S:0MB   V: (4413,987)   
2998 : cloudy                                                                                 S:0MB   V: (4413,987)   
3005 : highcloud                                                                              S:0MB   V: (4413,987)   
3012 : night                                                                                  S:0MB   V: (4413,987)   
3019 : overcast                                                                               S:0MB   V: (4413,987)   
3025 : stormy                                                                                 S:0MB   V: (4414,987)   
3033 : sunny                                                                                  S:0MB   V: (4414,987)   
3041 : sunrise                                                                                S:0MB   V: (4414,988)   
3048 : sunset                                                                                 S:0MB   V: (4414,988)   
3056 : entering skybank                                                                       S:0MB   V: (4414,988)   
3061 : finished sky bank scan                                                                 S:0MB   V: (4414,988)   
3068 : _game_oneoff_nongraphics                                                               S:0MB   V: (4414,988)   
3124 : new total guns=79                                                                      S:0MB   V: (4414,988)   
3152 : _game_setresolution                                                                    S:-302MBV: (4112,967)   
3176 : loading in collection - items.tsv                                                      S:0MB   V: (4112,967)   
3177 : title	profile	image	description	cost	value	container	ingredients	style                 S:0MB   V: (4112,967)   
3184 :                                                                                        S:0MB   V: (4112,967)   
3190 : loading collection complete                                                            S:0MB   V: (4112,967)   
3309 : REFRESH SKY ASSETS                                                                     S:0MB   V: (4112,968)   
3309 : entering skybank                                                                       S:0MB   V: (4112,968)   
3318 : checking skybank files                                                                 S:0MB   V: (4112,968)   
3325 : clear                                                                                  S:0MB   V: (4112,968)   
3332 : cloudy                                                                                 S:0MB   V: (4112,968)   
3339 : highcloud                                                                              S:0MB   V: (4112,968)   
3346 : night                                                                                  S:0MB   V: (4112,968)   
3356 : overcast                                                                               S:0MB   V: (4112,968)   
3363 : stormy                                                                                 S:0MB   V: (4112,968)   
3369 : sunny                                                                                  S:0MB   V: (4112,968)   
3375 : sunrise                                                                                S:0MB   V: (4112,968)   
3382 : sunset                                                                                 S:0MB   V: (4112,968)   
3390 : entering skybank                                                                       S:0MB   V: (4112,968)   
3394 : finished sky bank scan                                                                 S:0MB   V: (4112,968)   
3401 : REFRESH B-LIST ASSETS                                                                  S:0MB   V: (4112,968)   
3663 : _titles_init                                                                           S:0MB   V: (4112,1011)  
3664 : _titles_titlepage                                                                      S:0MB   V: (4112,1011)  
10257218 : new total guns=79                                                                  S:-1MB  V: (4111,1313)  
10257230 : _titles_loadingpageupdate                                                          S:0MB   V: (4111,1313)  
10257234 : Remove All Terrain Flat Areas                                                      S:0MB   V: (4111,1313)  
10257341 : LUA script : loading                                                               S:10MB  V: (4122,1326)  
10257485 : _mapfile_loadproject_fpm: mapbank\Aegis Reach - First Light.fpm C:\Program Files (x86)\Steam\steamapps\common\GameGuru MAX\Files S:95MB  V: (4218,1343)  
10257486 : LOADMAP: mapfile_emptylightmapandttsfilesfolder_wicked                             S:0MB   V: (4218,1343)  
10257515 : LOADMAP: read FPM block                                                            S:6MB   V: (4224,1350)  
10258993 : LOADMAP: load in visuals                                                           S:47MB  V: (4272,1401)  
10259083 : LOADMAP: apply visuals                                                             S:0MB   V: (4272,1401)  
10259083 : Loading skyspec.txt:highcloud                                                      S:0MB   V: (4272,1401)  
10259097 : Initialise sky textures                                                            S:0MB   V: (4272,1401)  
10259098 : Load sky cube:skybank\highcloud\highcloud_cube.dds                                 S:0MB   V: (4272,1401)  
10259475 : update probes for the sky                                                          S:150MB V: (4423,1542)  
10259475 : highcloud                                                                          S:0MB   V: (4423,1542)  
10259484 : LOADMAP: cubemap_generateglobalenvmap                                              S:0MB   V: (4423,1542)  
10259491 : LOADMAP: visuals_loop                                                              S:0MB   V: (4423,1542)  
10259499 : LOADMAP: Wicked_Update_Visuals                                                     S:9MB   V: (4433,1542)  
10259507 : _game_loadinentitiesdatainlevel                                                    S:10MB  V: (4443,1542)  
10259514 : Load player config                                                                 S:0MB   V: (4443,1542)  
10261058 : LOADING ENTITY BANK                                                                S:99MB  V: (4543,2114)  
10261077 : Loading master objects: 66                                                         S:-22MB V: (4520,2114)  
10261093 : LoadObject( entitybank\Aegis Reach\First Light\Camp 12 Survey Mast.dbo )           S:0MB   V: (4520,2114)  
10261116 : Loaded 1:Aegis Reach\First Light\Camp 12 Survey Mast.fpe (60)                      S:122MB V: (4643,2114)  
10261145 : LoadObject( entitybank\Cyberpunk Streets Booster Pack\Buildings\CS_Wall_01_Entry_01.dbo ) S:0MB   V: (4644,2116)  
10261219 : Loaded 2:Cyberpunk Streets Booster Pack\Buildings\CS_Wall_01_Entry_01.fpe (1588)   S:1MB   V: (4645,2134)  
10261242 : LoadObject( entitybank\Cyberpunk Streets Booster Pack\Buildings\CS_Wall_01.dbo )   S:0MB   V: (4645,2135)  
10261295 : Loaded 3:Cyberpunk Streets Booster Pack\Buildings\CS_Wall_01.fpe (64)              S:15MB  V: (4661,2151)  
10261325 : LoadObject( entitybank\Cyberpunk Streets Booster Pack\Buildings\CS_Wall_01_Window.dbo ) S:0MB   V: (4661,2152)  
10261412 : Loaded 4:Cyberpunk Streets Booster Pack\Buildings\CS_Wall_01_Window.fpe (284)      S:16MB  V: (4677,2168)  
10261435 : LoadObject( entitybank\Cyberpunk Streets Booster Pack\Buildings\CS_Wall_01_Overhang.dbo ) S:0MB   V: (4677,2169)  
10261488 : Loaded 5:Cyberpunk Streets Booster Pack\Buildings\CS_Wall_01_Overhang.fpe (212)    S:16MB  V: (4693,2185)  
10261516 : LoadObject( entitybank\Cyberpunk Streets Booster Pack\Buildings\CS_Roof_Tile_2x2.dbo ) S:0MB   V: (4693,2185)  
10261578 : Loaded 6:Cyberpunk Streets Booster Pack\Buildings\CS_Roof_Tile_2x2.fpe (48)        S:16MB  V: (4709,2202)  
10261607 : LoadObject( entitybank\Booster Pack\Construction Pack\Light Generator.dbo )        S:0MB   V: (4709,2202)  
10261672 : Loaded 7:Booster Pack\Construction Pack\Light Generator.fpe (13962)                S:15MB  V: (4725,2213)  
10261690 : LoadObject( entitybank\Booster Pack\Construction Pack\CableReel.dbo )              S:0MB   V: (4725,2214)  
10261724 : Loaded 8:Booster Pack\Construction Pack\CableReel.fpe (2000)                       S:3MB   V: (4729,2218)  
10261742 : LoadObject( entitybank\Booster Pack\Construction Pack\SurveyorStand1.dbo )         S:0MB   V: (4729,2218)  
10261776 : Loaded 9:Booster Pack\Construction Pack\SurveyorStand1.fpe (3653)                  S:8MB   V: (4737,2224)  
10261797 : LoadObject( entitybank\Booster Pack\Construction Pack\SurveyorStand2.dbo )         S:0MB   V: (4737,2224)  
10261810 : Loaded 10:Booster Pack\Construction Pack\SurveyorStand2.fpe (3573)                 S:0MB   V: (4738,2224)  
10261831 : LoadObject( entitybank\Booster Pack\Construction Pack\Freight Container.dbo )      S:0MB   V: (4738,2225)  
10261938 : Loaded 11:Booster Pack\Construction Pack\Freight Container.fpe (3989)              S:32MB  V: (4771,2255)  
10261970 : LoadObject( entitybank\Booster Pack\Military Pack\Container 01a.dbo )              S:0MB   V: (4771,2256)  
10262128 : Loaded 12:Booster Pack\Military Pack\Container 01a.fpe (532)                       S:4MB   V: (4775,2259)  
10262152 : LoadObject( entitybank\Booster Pack\Military Pack\Wooden Crate 01a.dbo )           S:0MB   V: (4775,2260)  
10262179 : Loaded 13:Booster Pack\Military Pack\Wooden Crate 01a.fpe (524)                    S:0MB   V: (4776,2262)  
10262198 : LoadObject( entitybank\Industrial Collection\Industrial\Cylinder - Oxygen.dbo )    S:0MB   V: (4776,2262)  
10262255 : Loaded 14:Industrial Collection\Industrial\Cylinder - Oxygen.fpe (2101)            S:20MB  V: (4796,2279)  
10262274 : LoadObject( entitybank\Booster Pack\Construction Pack\Roadblock2.dbo )             S:0MB   V: (4796,2279)  
10262301 : Loaded 15:Booster Pack\Construction Pack\Roadblock2.fpe (1754)                     S:0MB   V: (4796,2281)  
10262320 : LoadObject( entitybank\Booster Pack\Construction Pack\Roadblock3.dbo )             S:0MB   V: (4796,2281)  
10262330 : Loaded 16:Booster Pack\Construction Pack\Roadblock3.fpe (2420)                     S:0MB   V: (4797,2282)  
10262358 : LoadObject( entitybank\Cyberpunk Streets Booster Pack\Buildings\CS_Building_Entrance_Overpass.dbo ) S:0MB   V: (4797,2282)  
10262415 : Loaded 17:Cyberpunk Streets Booster Pack\Buildings\CS_Building_Entrance_Overpass.fpe (64) S:16MB  V: (4813,2298)  
10262440 : LoadObject( entitybank\Cyberpunk Streets Booster Pack\Buildings\CS_Building_Entrance_Overpass_Support.dbo ) S:0MB   V: (4813,2299)  
10262497 : Loaded 18:Cyberpunk Streets Booster Pack\Buildings\CS_Building_Entrance_Overpass_Support.fpe (144) S:16MB  V: (4829,2315)  
10262527 : LoadObject( entitybank\Cyberpunk Streets Booster Pack\Buildings\CS_Building_Entrance_Overpass_Wall.dbo ) S:0MB   V: (4830,2316)  
10262614 : Loaded 19:Cyberpunk Streets Booster Pack\Buildings\CS_Building_Entrance_Overpass_Wall.fpe (82) S:16MB  V: (4846,2332)  
10262639 : LoadObject( entitybank\Cyberpunk Streets Booster Pack\Buildings\CS_Building_Entrance_Steps.dbo ) S:0MB   V: (4846,2333)  
10262787 : Loaded 20:Cyberpunk Streets Booster Pack\Buildings\CS_Building_Entrance_Steps.fpe (428) S:48MB  V: (4895,2382)  
10262816 : LoadObject( entitybank\Booster Pack\Military Pack\Concrete Barrier 01.dbo )        S:0MB   V: (4896,2382)  
10262848 : Loaded 21:Booster Pack\Military Pack\Concrete Barrier 01.fpe (430)                 S:3MB   V: (4900,2386)  
10262884 : LoadObject( entitybank\Booster Pack\Military Pack\Container 02a.dbo )              S:0MB   V: (4900,2387)  
10262952 : Loaded 22:Booster Pack\Military Pack\Container 02a.fpe (3927)                      S:3MB   V: (4904,2388)  
10262963 : LoadObject( entitybank\Aegis Reach\First Light\Northstar Stack Pair.x )            S:0MB   V: (4904,2388)  
10262989 : Loaded 23:Aegis Reach\First Light\Northstar Stack Pair.fpe (60)                    S:0MB   V: (4904,2388)  
10263017 : LoadObject( entitybank\Cyberpunk Streets Booster Pack\Buildings\CS_Building_Entrance_Overpass_02.dbo ) S:0MB   V: (4905,2389)  
10263107 : Loaded 24:Cyberpunk Streets Booster Pack\Buildings\CS_Building_Entrance_Overpass_02.fpe (96) S:17MB  V: (4923,2405)  
10263134 : LoadObject( entitybank\Booster Pack\Military Pack\Generator 04a.dbo )              S:0MB   V: (4923,2406)  
10263159 : Loaded 25:Booster Pack\Military Pack\Generator 04a.fpe (5264)                      S:4MB   V: (4927,2409)  
10263176 : LoadObject( entitybank\Industrial Collection\Industrial\Storage Tank - Small.dbo ) S:0MB   V: (4928,2410)  
10263237 : Loaded 26:Industrial Collection\Industrial\Storage Tank - Small.fpe (4044)         S:19MB  V: (4947,2426)  
10263260 : LoadObject( entitybank\Industrial Collection\Industrial\Industrial Stairs.dbo )    S:0MB   V: (4948,2427)  
10263326 : Loaded 27:Industrial Collection\Industrial\Industrial Stairs.fpe (11368)           S:19MB  V: (4968,2443)  
10263346 : LoadObject( entitybank\Industrial Collection\Industrial\Industrial Shelves.dbo )   S:0MB   V: (4968,2444)  
10263407 : Loaded 28:Industrial Collection\Industrial\Industrial Shelves.fpe (2188)           S:19MB  V: (4987,2460)  
10263429 : LoadObject( entitybank\Industrial Collection\Industrial\Control Box - Large.dbo )  S:0MB   V: (4988,2461)  
10263487 : Loaded 29:Industrial Collection\Industrial\Control Box - Large.fpe (1986)          S:17MB  V: (5005,2477)  
10263517 : LoadObject( entitybank\Cyberpunk Streets Booster Pack\Buildings\CS_Wall_01_Entry_03.dbo ) S:0MB   V: (5006,2478)  
10263695 : Loaded 30:Cyberpunk Streets Booster Pack\Buildings\CS_Wall_01_Entry_03.fpe (330)   S:34MB  V: (5040,2510)  
10263728 : LoadObject( entitybank\Cyberpunk Streets Booster Pack\Buildings\CS_Roof_Tile_4x4.dbo ) S:0MB   V: (5041,2511)  
10263754 : Loaded 31:Cyberpunk Streets Booster Pack\Buildings\CS_Roof_Tile_4x4.fpe (192)      S:0MB   V: (5042,2511)  
10263778 : LoadObject( entitybank\Cyberpunk Streets Booster Pack\Misc\Sidewalk Misc\CS_Sidewalk_Light.dbo ) S:0MB   V: (5042,2512)  
10263850 : Loaded 32:Cyberpunk Streets Booster Pack\Misc\Sidewalk Misc\CS_Sidewalk_Light.fpe (1276) S:23MB  V: (5065,2533)  
10263872 : LoadObject( entitybank\Booster Pack\Military Pack\Desk 01a.dbo )                   S:0MB   V: (5066,2534)  
10263907 : Loaded 33:Booster Pack\Military Pack\Desk 01a.fpe (6626)                           S:8MB   V: (5074,2539)  
10263935 : LoadObject( entitybank\Booster Pack\Military Pack\Computer 01a.dbo )               S:0MB   V: (5075,2540)  
10263970 : Loaded 34:Booster Pack\Military Pack\Computer 01a.fpe (5228)                       S:6MB   V: (5082,2544)  
10263995 : LoadObject( entitybank\Booster Pack\Military Pack\Locker 01a.dbo )                 S:0MB   V: (5082,2545)  
10264029 : Loaded 35:Booster Pack\Military Pack\Locker 01a.fpe (424)                          S:4MB   V: (5087,2548)  
10264050 : LoadObject( entitybank\Industrial Collection\Industrial\Hand Trolly.dbo )          S:0MB   V: (5088,2549)  
10264086 : Loaded 36:Industrial Collection\Industrial\Hand Trolly.fpe (13570)                 S:5MB   V: (5094,2551)  
10264110 : LoadObject( entitybank\Booster Pack\Military Pack\Portable Cot 01a.dbo )           S:0MB   V: (5095,2552)  
10264139 : Loaded 37:Booster Pack\Military Pack\Portable Cot 01a.fpe (3891)                   S:2MB   V: (5097,2556)  
10264150 : LoadObject( entitybank\Aegis Reach\First Light\AEGIS Arrival Frame.x )             S:0MB   V: (5097,2556)  
10264173 : Loaded 38:Aegis Reach\First Light\AEGIS Arrival Frame.fpe (60)                     S:0MB   V: (5097,2556)  
10264196 : LoadObject( entitybank\Cyberpunk Streets Booster Pack\Buildings\CS_Wall_01_Entry_02.dbo ) S:0MB   V: (5097,2556)  
10264229 : Loaded 39:Cyberpunk Streets Booster Pack\Buildings\CS_Wall_01_Entry_02.fpe (343)   S:4MB   V: (5102,2561)  
10264254 : LoadObject( entitybank\Cyberpunk Streets Booster Pack\Buildings\CS_Wall_01_NeonDecor_Blue_Corner.dbo ) S:0MB   V: (5103,2562)  
10264406 : Loaded 40:Cyberpunk Streets Booster Pack\Buildings\CS_Wall_01_NeonDecor_Blue_Corner.fpe (1554) S:20MB  V: (5123,2580)  
10264442 : LoadObject( entitybank\Cyberpunk Streets Booster Pack\Streets and Sidewalks\Sidewalks\CS_Steps_01.dbo ) S:0MB   V: (5124,2581)  
10264505 : Loaded 41:Cyberpunk Streets Booster Pack\Streets and Sidewalks\Sidewalks\CS_Steps_01.fpe (464) S:19MB  V: (5144,2598)  
10264523 : LoadObject( entitybank\Booster Pack\Construction Pack\Rebar1.dbo )                 S:0MB   V: (5144,2598)  
10264549 : Loaded 42:Booster Pack\Construction Pack\Rebar1.fpe (1368)                         S:1MB   V: (5146,2600)  
10264569 : LoadObject( entitybank\Industrial Collection\Industrial\Control Box - Tall.dbo )   S:1MB   V: (5147,2600)  
10264620 : Loaded 43:Industrial Collection\Industrial\Control Box - Tall.fpe (2857)           S:22MB  V: (5169,2622)  
10264633 : LoadObject( entitybank\Aegis Reach\First Light\Meridian Route Beacon.dbo )         S:0MB   V: (5169,2622)  
10264644 : Loaded 44:Aegis Reach\First Light\Meridian Route Beacon.fpe (24)                   S:0MB   V: (5169,2622)  
10264668 : LoadObject( entitybank\Cyberpunk Streets Booster Pack\Misc\Sidewalk Misc\CS_Street_Electrical_Pole_01.dbo ) S:0MB   V: (5170,2623)  
10264729 : Loaded 45:Cyberpunk Streets Booster Pack\Misc\Sidewalk Misc\CS_Street_Electrical_Pole_01.fpe (3214) S:18MB  V: (5189,2639)  
10264753 : LoadObject( entitybank\Cyberpunk Streets Booster Pack\Misc\Sidewalk Misc\CS_Street_Lamp.dbo ) S:0MB   V: (5190,2640)  
10264875 : Loaded 46:Cyberpunk Streets Booster Pack\Misc\Sidewalk Misc\CS_Street_Lamp.fpe (14116) S:19MB  V: (5209,2659)  
10264886 : LoadObject( entitybank\Aegis Reach\First Light\Choir Breach Arch.dbo )             S:0MB   V: (5209,2659)  
10264899 : Loaded 47:Aegis Reach\First Light\Choir Breach Arch.fpe (72)                       S:0MB   V: (5209,2659)  
10264912 : LoadObject( entitybank\Aegis Reach\First Light\Excavation Service Bridge.dbo )     S:0MB   V: (5209,2659)  
10264924 : Loaded 48:Aegis Reach\First Light\Excavation Service Bridge.fpe (108)              S:0MB   V: (5209,2659)  
10264943 : LoadObject( entitybank\Max Collection\Rocks\Rock Boulder.dbo )                     S:0MB   V: (5210,2659)  
10265019 : Loaded 49:Max Collection\Rocks\Rock Boulder.fpe (1822)                             S:25MB  V: (5235,2684)  
10265045 : LoadObject( entitybank\Booster Pack\Military Pack\Hesco Barrier 01.dbo )           S:0MB   V: (5236,2684)  
10265081 : Loaded 50:Booster Pack\Military Pack\Hesco Barrier 01.fpe (1118)                   S:7MB   V: (5244,2690)  
10265105 : LoadObject( entitybank\Booster Pack\Military Pack\Gas Barrel 01a.dbo )             S:0MB   V: (5244,2691)  
10265153 : Loaded 51:Booster Pack\Military Pack\Gas Barrel 01a.fpe (1896)                     S:4MB   V: (5248,2694)  
10265172 : LoadObject( gamecore\ammo\enhanced\556NATO\556NATOammo.dbo )                       S:0MB   V: (5249,2695)  
10265215 : Loaded 52:Max Collection\Weapons\Compact Assault Rifle Ammo.fpe (106)              S:0MB   V: (5250,2695)  
10265233 : LoadObject( entitybank\_markers\start with ghost.dbo )                             S:0MB   V: (5251,2696)  
10265258 : Loaded 53:_markers\Player Start.fpe (922)                                          S:3MB   V: (5254,2698)  
10265270 : LoadObject( entitybank\Aegis Reach\Supply Crate.dbo )                              S:0MB   V: (5254,2698)  
10265286 : Loaded 54:Aegis Reach\Supply Crate.fpe (48)                                        S:0MB   V: (5254,2698)  
10265301 : LoadObject( entitybank\Aegis Reach\Relay Terminal.dbo )                            S:0MB   V: (5254,2698)  
10265315 : Loaded 55:Aegis Reach\Relay Terminal.fpe (72)                                      S:0MB   V: (5254,2698)  
10265328 : LoadObject( entitybank\Aegis Reach\Extraction Pad.dbo )                            S:0MB   V: (5254,2698)  
10265343 : Loaded 56:Aegis Reach\Extraction Pad.fpe (84)                                      S:0MB   V: (5254,2698)  
10265370 : LoadObject( entitybank\Characters\Tony - Armed Response.dbo )                      S:0MB   V: (5255,2699)  
10265788 : Loaded 57:Characters\Tony - Armed Response.fpe (28389)                             S:165MB V: (5420,2847)  
10265805 : LoadObject( entitybank\_markers\hybridlight.dbo )                                  S:0MB   V: (5421,2848)  
10265829 : Loaded 58:_markers\White Light.fpe (3255)                                          S:1MB   V: (5422,2848)  
10265840 : LoadObject( entitybank\Aegis Reach\First Light\Evacuation Board Supports.dbo )     S:0MB   V: (5422,2848)  
10265852 : Loaded 59:Aegis Reach\First Light\Evacuation Board Supports.fpe (24)               S:0MB   V: (5422,2848)  
10265863 : LoadObject( entitybank\Aegis Reach\First Light\Evacuation Board.dbo )              S:0MB   V: (5422,2848)  
10265888 : Loaded 60:Aegis Reach\First Light\Evacuation Board.fpe (12)                        S:0MB   V: (5423,2849)  
10265905 : LoadObject( entitybank\Aegis Reach\First Light\Checkpoint Sign.dbo )               S:0MB   V: (5423,2849)  
10265934 : Loaded 61:Aegis Reach\First Light\Checkpoint Sign.fpe (12)                         S:0MB   V: (5423,2849)  
10265947 : LoadObject( entitybank\Aegis Reach\First Light\Power Sign.dbo )                    S:0MB   V: (5423,2849)  
10265977 : Loaded 62:Aegis Reach\First Light\Power Sign.fpe (12)                              S:0MB   V: (5423,2849)  
10265990 : LoadObject( entitybank\Aegis Reach\First Light\Operations Sign.dbo )               S:0MB   V: (5423,2849)  
10266019 : Loaded 63:Aegis Reach\First Light\Operations Sign.fpe (12)                         S:0MB   V: (5424,2849)  
10266034 : LoadObject( entitybank\Aegis Reach\First Light\Core Sign.dbo )                     S:0MB   V: (5424,2849)  
10266062 : Loaded 64:Aegis Reach\First Light\Core Sign.fpe (12)                               S:0MB   V: (5424,2849)  
10266076 : LoadObject( entitybank\Aegis Reach\First Light\Extraction Sign Supports.dbo )      S:0MB   V: (5424,2849)  
10266090 : Loaded 65:Aegis Reach\First Light\Extraction Sign Supports.fpe (24)                S:0MB   V: (5424,2849)  
10266104 : LoadObject( entitybank\Aegis Reach\First Light\Extraction Sign.dbo )               S:0MB   V: (5424,2849)  
10266131 : Loaded 66:Aegis Reach\First Light\Extraction Sign.fpe (12)                         S:0MB   V: (5424,2849)  
10266131 : End Loading master objects!                                                        S:0MB   V: (5424,2849)  
10266181 : LOADING ENTITY ELEMENTS                                                            S:17MB  V: (5441,2946)  
10266181 : s2:entity_loadelementsdata()                                                       S:0MB   V: (5441,2946)  
10266191 : c_entity_loadelementsdata:                                                         S:0MB   V: (5441,2946)  
10266203 : c_entity_loadelementsdata before: 100                                              S:0MB   V: (5441,2946)  
10266256 : c_entity_loadelementsdata after: 178                                               S:2MB   V: (5444,2946)  
10266257 : loading in systemwidelua.ele                                                       S:0MB   V: (5444,2946)  
10266265 : c_entity_loadelementsdata after systemwidelua.ele: 178                             S:0MB   V: (5444,2946)  
10266272 : Collection list size before: 0                                                     S:0MB   V: (5444,2946)  
10266279 : Refresh Collection From Entities: 178                                              S:0MB   V: (5444,2946)  
10266288 : e2:entity_loadelementsdata()                                                       S:0MB   V: (5444,2946)  
10266351 : _material_loadsounds (18)                                                          S:3MB   V: (5447,2946)  
10266352 : LOADING MATERIAL SOUND 1                                                           S:0MB   V: (5447,2946)  
10266465 : LOADING MATERIAL SOUND 2                                                           S:1MB   V: (5449,2946)  
10266570 : LOADING MATERIAL SOUND 3                                                           S:2MB   V: (5452,2946)  
10266672 : LOADING MATERIAL SOUND 4                                                           S:2MB   V: (5454,2946)  
10266772 : LOADING MATERIAL SOUND 5                                                           S:2MB   V: (5456,2946)  
10266772 : LOADING MATERIAL SOUND 6                                                           S:0MB   V: (5456,2946)  
10266781 : LOADING MATERIAL SOUND 7                                                           S:0MB   V: (5456,2946)  
10266855 : LOADING MATERIAL SOUND 8                                                           S:1MB   V: (5458,2946)  
10266856 : LOADING MATERIAL SOUND 9                                                           S:0MB   V: (5458,2946)  
10266863 : LOADING MATERIAL SOUND 10                                                          S:0MB   V: (5458,2946)  
10266870 : LOADING MATERIAL SOUND 11                                                          S:0MB   V: (5458,2946)  
10266984 : LOADING MATERIAL SOUND 12                                                          S:1MB   V: (5459,2946)  
10267086 : LOADING MATERIAL SOUND 13                                                          S:2MB   V: (5462,2946)  
10267087 : LOADING MATERIAL SOUND 14                                                          S:0MB   V: (5462,2946)  
10267198 : LOADING MATERIAL SOUND 15                                                          S:2MB   V: (5464,2946)  
10267198 : LOADING MATERIAL SOUND 16                                                          S:0MB   V: (5464,2946)  
10267205 : LOADING MATERIAL SOUND 17                                                          S:0MB   V: (5464,2946)  
10267212 : LOADING MATERIAL SOUND 18                                                          S:0MB   V: (5464,2946)  
10267312 : LOADING MATERIAL SOUND 19                                                          S:4MB   V: (5469,2946)  
10267416 : _game_loadinleveldata                                                              S:4MB   V: (5473,2946)  
10267420 : LOADING WAYPOINTS DATA                                                             S:0MB   V: (5473,2946)  
10267451 : LOADING TERRAIN DATA                                                               S:0MB   V: (5473,2947)  
10267466 : CREATE ENTITY OBJECTS                                                              S:0MB   V: (5473,2947)  
10267466 : Setup objects: 178                                                                 S:0MB   V: (5473,2947)  
10268609 : Instanced objects: 313                                                             S:390MB V: (5864,2972)  
10268708 : GAME OBJECT CLEANUP                                                                S:110MB V: (5974,2986)  
10268755 : _game_preparelevel:                                                                S:7MB   V: (5982,2997)  
10268804 : LOADING HUD GRAPHICS                                                               S:13MB  V: (5995,3003)  
10268817 : LOADING SKY                                                                        S:0MB   V: (5995,3003)  
10268817 : Loading skyspec.txt:highcloud                                                      S:0MB   V: (5995,3003)  
10268826 : Initialise sky textures                                                            S:0MB   V: (5995,3003)  
10268832 : Load sky cube:skybank\highcloud\highcloud_cube.dds                                 S:0MB   V: (5995,3003)  
10269116 : update probes for the sky                                                          S:132MB V: (6127,3135)  
10269116 : highcloud                                                                          S:0MB   V: (6127,3135)  
10269124 : LOADING HUD LAYERS                                                                 S:0MB   V: (6127,3135)  
10269132 : LOADING WATER SYSTEM                                                               S:0MB   V: (6127,3135)  
10269164 : LOADING A.I SYSTEM                                                                 S:0MB   V: (6127,3126)  
10269180 : PREPARING A.I SYSTEM                                                               S:0MB   V: (6127,3118)  
10269181 : RESETTING WAYPOINTS A.I                                                            S:0MB   V: (6127,3117)  
10269188 : CREATING ENTITY A.I                                                                S:0MB   V: (6127,3113)  
10269197 : Configure entity instances for use                                                 S:0MB   V: (6127,3110)  
10269204 : Configure entity attachments and AI obstacles                                      S:0MB   V: (6127,3105)  
10269228 : LOADING NEW WEAPONS                                                                S:0MB   V: (6127,3100)  
10269340 : Load Gun:gamecore\guns\enhanced\mk19t\HUD.dbo Obj:16101                            S:3MB   V: (6131,2858)  
10269341 : Loading gun textures                                                               S:0MB   V: (6131,2858)  
10269348 : loadinternaltextureex (effectbank\reloaded\media\white_D.dds, 5, 0)=0              S:0MB   V: (6131,2858)  
10269367 : loadinternaltextureex (gamecore\guns\enhanced\mk19t\scope_d2.dds, 5, 0)=0          S:0MB   V: (6131,2858)  
10269368 : loadinternaltextureex (gamecore\guns\enhanced\mk19t\scope.dds, 5, 0)=0             S:0MB   V: (6131,2858)  
10269376 : loadinternaltextureex (gamecore\guns\enhanced\mk19t\scope1.dds, 5, 0)=0            S:0MB   V: (6131,2858)  
10269384 : loadinternaltextureex (gamecore\guns\enhanced\mk19t\icon.png, 0, 1)=2001           S:0MB   V: (6131,2858)  
10269390 : loadinternaltextureex (gamecore\guns\enhanced\mk19t\ammo.png, 0, 1)=2002           S:0MB   V: (6131,2858)  
10269398 : loadinternaltextureex (gamecore\guns\enhanced\mk19t\scope_d2.dds, 5, 0)=0          S:0MB   V: (6131,2858)  
10269405 : loadinternaltextureex (gamecore\guns\enhanced\mk19t\scope.dds, 5, 0)=0             S:0MB   V: (6131,2858)  
10269412 : loadinternaltextureex (gamecore\guns\enhanced\mk19t\scope1.dds, 5, 0)=0            S:0MB   V: (6131,2858)  
10269419 : loadinternaltextureex (gamecore\guns\enhanced\mk19t\alticon.png, 0, 1)=0           S:0MB   V: (6131,2858)  
10269426 : loadinternaltextureex (gamecore\guns\enhanced\mk19t\altammo.png, 0, 1)=0           S:0MB   V: (6131,2858)  
10269754 : Load Gun:gamecore\guns\enhanced\mk18\HUD.dbo Obj:16102                             S:13MB  V: (6144,2878)  
10269755 : Loading gun textures                                                               S:0MB   V: (6144,2878)  
10269764 : loadinternaltextureex (effectbank\reloaded\media\white_D.dds, 5, 0)=0              S:0MB   V: (6144,2878)  
10269780 : loadinternaltextureex (gamecore\guns\enhanced\mk18\scope_d2.dds, 5, 0)=0           S:0MB   V: (6144,2878)  
10269781 : loadinternaltextureex (gamecore\guns\enhanced\mk18\scope.dds, 5, 0)=0              S:0MB   V: (6144,2878)  
10269790 : loadinternaltextureex (gamecore\guns\enhanced\mk18\scope1.dds, 5, 0)=0             S:0MB   V: (6144,2878)  
10269800 : loadinternaltextureex (gamecore\guns\enhanced\mk18\icon.png, 0, 1)=2003            S:0MB   V: (6144,2878)  
10269807 : loadinternaltextureex (gamecore\guns\enhanced\mk18\ammo.png, 0, 1)=2004            S:0MB   V: (6144,2878)  
10269815 : loadinternaltextureex (gamecore\guns\enhanced\mk18\scope_d2.dds, 5, 0)=0           S:0MB   V: (6144,2878)  
10269823 : loadinternaltextureex (gamecore\guns\enhanced\mk18\scope.dds, 5, 0)=0              S:0MB   V: (6144,2878)  
10269833 : loadinternaltextureex (gamecore\guns\enhanced\mk18\scope1.dds, 5, 0)=0             S:0MB   V: (6144,2878)  
10269864 : loadinternaltextureex (gamecore\guns\enhanced\mk18\alticon.png, 0, 1)=2005         S:0MB   V: (6144,2878)  
10269874 : loadinternaltextureex (gamecore\guns\enhanced\mk18\altammo.png, 0, 1)=2006         S:0MB   V: (6144,2878)  
10270218 : Load Gun:gamecore\guns\enhanced\ar\HUD.dbo Obj:16103                               S:10MB  V: (6154,2900)  
10270218 : Loading gun textures                                                               S:0MB   V: (6154,2900)  
10270228 : loadinternaltextureex (effectbank\reloaded\media\white_D.dds, 5, 0)=0              S:0MB   V: (6154,2900)  
10270243 : loadinternaltextureex (gamecore\guns\enhanced\ar\scope_d2.dds, 5, 0)=0             S:0MB   V: (6154,2900)  
10270244 : loadinternaltextureex (gamecore\guns\enhanced\ar\scope.dds, 5, 0)=0                S:0MB   V: (6154,2900)  
10270251 : loadinternaltextureex (gamecore\guns\enhanced\ar\scope1.dds, 5, 0)=0               S:0MB   V: (6154,2900)  
10270259 : loadinternaltextureex (gamecore\guns\enhanced\ar\icon.png, 0, 1)=2007              S:0MB   V: (6154,2900)  
10270270 : loadinternaltextureex (gamecore\guns\enhanced\ar\ammo.png, 0, 1)=2008              S:0MB   V: (6154,2900)  
10270271 : loadinternaltextureex (gamecore\guns\enhanced\ar\scope_d2.dds, 5, 0)=0             S:0MB   V: (6154,2900)  
10270278 : loadinternaltextureex (gamecore\guns\enhanced\ar\scope.dds, 5, 0)=0                S:0MB   V: (6154,2900)  
10270285 : loadinternaltextureex (gamecore\guns\enhanced\ar\scope1.dds, 5, 0)=0               S:0MB   V: (6154,2900)  
10270292 : loadinternaltextureex (gamecore\guns\enhanced\ar\alticon.png, 0, 1)=2009           S:0MB   V: (6154,2900)  
10270301 : loadinternaltextureex (gamecore\guns\enhanced\ar\altammo.png, 0, 1)=2010           S:0MB   V: (6154,2900)  
10270932 : SETTING UP CHARACTERS                                                              S:38MB  V: (6192,2928)  
10271232 : CREATING A.I OBSTACLES                                                             S:8MB   V: (6201,2928)  
10271233 : PREPARING DYNAMIC LIGHTS                                                           S:0MB   V: (6201,2928)  
10271240 : wiRenderer::SetShadowPropsCube: 4                                                  S:0MB   V: (6201,2928)  
10271248 : wiRenderer::SetShadowPropsCube: 8                                                  S:0MB   V: (6201,2928)  
10271255 : wiRenderer::SetShadowPropsCube: 12                                                 S:0MB   V: (6201,2928)  
10271263 : LOADING DECAL EFFECTS                                                              S:72MB  V: (6273,2928)  
10271859 : Loaded scriptbank\global.lua                                                       S:256MB V: (6529,3001)  
10271877 : Loaded scriptbank\ammo.lua                                                         S:0MB   V: (6529,3001)  
10271896 : Loaded scriptbank\aegis_reach\firstlight_director.lua                              S:0MB   V: (6529,3001)  
10271906 : Loaded scriptbank\aegis_reach\firstlight_interact.lua                              S:0MB   V: (6529,3001)  
10271939 : Loaded scriptbank\aegis_reach\firstlight_enemy.lua                                 S:0MB   V: (6529,3001)  
10271955 : Loaded scriptbank\markers\ConstantLight.lua                                        S:0MB   V: (6529,3001)  
10271975 : Loaded scriptbank\aegis_reach\firstlight_score.lua                                 S:0MB   V: (6529,3001)  
10271975 : GENERATING LIP SYNC DATA                                                           S:0MB   V: (6529,3001)  
10272051 : GENERATING TERRAIN SUPER TEXTURE                                                   S:0MB   V: (6529,3001)  
10272052 : INITIALIZING POSTPROCESS                                                           S:0MB   V: (6529,3001)  
10272066 : check if VR required with codes 0 and 1                                            S:0MB   V: (6529,3001)  
10272074 : postprocessing initialized                                                         S:0MB   V: (6529,3001)  
10272260 : INITIALIZING PHYSICS                                                               S:395MB V: (6925,3111)  
10272269 : _physics_createterraincollision                                                    S:5MB   V: (6930,3111)  
10272270 : detect and define play area                                                        S:0MB   V: (6930,3111)  
10272648 : Introduce all characters                                                           S:-2MB  V: (6927,3112)  
10272648 : Activate Occlusion System                                                          S:0MB   V: (6927,3112)  
10272659 : Entity Initiations                                                                 S:0MB   V: (6927,3112)  
10273041 : Fill Veg Areas                                                                     S:112MB V: (7039,3112)  
10273041 : draw call optimizer.                                                               S:0MB   V: (7039,3112)  
10273049 : Attempt to create nav mesh                                                         S:0MB   V: (7039,3112)  
10275605 : Generating raw nav mesh vertices for build                                         S:-127MBV: (6912,3153)  
10275625 : Delete temporary nav mesh super object                                             S:20MB  V: (6932,3153)  
10275627 : Using recast to build the nav mesh                                                 S:0MB   V: (6932,3153)  
10276394 : STARTING GAME                                                                      S:9MB   V: (6942,3153)  
10276395 : immediate title settings applied                                                   S:0MB   V: (6942,3153)  
10276436 : main game loop begins                                                              S:0MB   V: (6942,3153)  
10292358 : entering options page                                                              S:7MB   V: (6950,3027)  
10294126 : leaving options page                                                               S:24MB  V: (6974,3043)  
10294130 : resuming game loop with flag 1                                                     S:0MB   V: (6974,3043)  
10297714 : entering options page                                                              S:-1MB  V: (6973,3042)  
10298993 : leaving options page                                                               S:17MB  V: (6990,3053)  
10298997 : resuming game loop with flag 0                                                     S:0MB   V: (6990,3053)  
10299056 : finalising LUA system before reset                                                 S:-8MB  V: (6982,3053)  
10299084 : resetting LUA system                                                               S:0MB   V: (6982,3053)  
10299090 : end of level stage                                                                 S:0MB   V: (6982,3053)  
10299092 : game is standalone exe                                                             S:0MB   V: (6982,3053)  
10299536 : initbitmapfont - startlegacy image loading                                         S:-588MBV: (6394,3053)  
10299536 : initbitmapfont - deleting old images                                               S:0MB   V: (6394,3053)  
10299544 : initbitmapfont - first font load                                                   S:0MB   V: (6394,3053)  
10299563 : initbitmapfont - first font shrink                                                 S:0MB   V: (6394,3054)  
10299569 : initbitmapfont - remaining font loads                                              S:0MB   V: (6394,3054)  
10299635 : shrinkbitmapfont - new medium small size text                                      S:3MB   V: (6398,3061)  
10299635 : initbitmapfont - finish legacy loading                                             S:0MB   V: (6398,3061)  
10299644 : _game_setresolution                                                                S:0MB   V: (6398,3061)  
10299679 : loading in collection - items.tsv                                                  S:-70MB V: (6327,3024)  
10299690 : title	profile	image	description	cost	value	container	ingredients	style             S:0MB   V: (6327,3024)  
10299690 :                                                                                    S:0MB   V: (6327,3024)  
10299697 : loading collection complete                                                        S:0MB   V: (6327,3024)  
10300080 : REFRESH SKY ASSETS                                                                 S:0MB   V: (6328,3025)  
10300080 : entering skybank                                                                   S:0MB   V: (6328,3025)  
10300091 : checking skybank files                                                             S:0MB   V: (6328,3025)  
10300099 : clear                                                                              S:0MB   V: (6328,3025)  
10300108 : cloudy                                                                             S:0MB   V: (6328,3025)  
10300115 : highcloud                                                                          S:0MB   V: (6328,3025)  
10300122 : night                                                                              S:0MB   V: (6328,3025)  
10300128 : overcast                                                                           S:0MB   V: (6328,3025)  
10300136 : stormy                                                                             S:0MB   V: (6328,3026)  
10300143 : sunny                                                                              S:0MB   V: (6328,3026)  
10300150 : sunrise                                                                            S:0MB   V: (6328,3026)  
10300156 : sunset                                                                             S:0MB   V: (6328,3026)  
10300168 : entering skybank                                                                   S:0MB   V: (6328,3026)  
10300171 : finished sky bank scan                                                             S:0MB   V: (6328,3026)  
10300178 : REFRESH B-LIST ASSETS                                                              S:0MB   V: (6328,3026)  
10300491 : _titles_init                                                                       S:5MB   V: (6333,3078)  
10300491 : _titles_titlepage                                                                  S:0MB   V: (6333,3078)  
