3 : wiRenderer Initialized  S:1679MBV: (1679,7) 
356 : Graphics Card Used: NVIDIA GeForce RTX 3060                                             S:320MB V: (1999,9)     
356 : initial setup                                                                           S:0MB   V: (1999,9)     
356 : splash screen                                                                           S:0MB   V: (1999,9)     
356 : authentication check                                                                    S:0MB   V: (1999,9)     
356 : C:\Program Files (x86)\Steam\steamapps\common\GameGuru MAX                              S:0MB   V: (1999,9)     
356 : particle editor exist check                                                             S:0MB   V: (1999,9)     
356 : particle editor exists!                                                                 S:0MB   V: (1999,9)     
356 : building editor exist check                                                             S:0MB   V: (1999,9)     
356 : building editor exists!                                                                 S:0MB   V: (1999,9)     
356 : GameGuru Steam version check                                                            S:2MB   V: (2002,9)     
489 : GameGuru MAX Steam version owned!                                                       S:-18MB V: (1983,9)     
491 : workshop_subscribetoalltrusteditems                                                     S:0MB   V: (1984,9)     
491 : WorkshopTrustedItems.ini                                                                S:0MB   V: (1984,9)     
502 : 2992375810                                                                              S:3MB   V: (1987,9)     
657 : GPUParticles::gpup_init();                                                              S:131MB V: (2119,46)    
788 : initial setup                                                                           S:9MB   V: (2129,47)    
788 : splash screen                                                                           S:0MB   V: (2129,47)    
806 : GGTerrain::GGTerrain_Init();                                                            S:11MB  V: (2140,47)    
2383 : GGTrees::GGTrees_Init();                                                               S:1502MBV: (3643,48)    
2731 : GGGrass::GGGrass_Init();                                                               S:186MB V: (3830,54)    
2846 : initial setup                                                                          S:89MB  V: (3919,54)    
2846 : splash screen                                                                          S:0MB   V: (3919,54)    
2851 : GuruMain();                                                                            S:1MB   V: (3921,56)    
23 : Startup ImGui.                                                                           S:0MB   V: (3931,817)   
107 : Name of true app: Guru-MapEditor                                                        S:12MB  V: (3944,817)   
108 : Flag to produce log files set in SETUP.INI (producelogfiles=1)                          S:0MB   V: (3944,817)   
127 : postprocessing flag at 0 and pixel shader version of 0.00                               S:-8MB  V: (3935,817)   
140 : The executable folder will be: C:\Users\RhythmicCarnage\Documents\GameGuruApps\GameGuruMAX\\MyGames\ S:1MB   V: (3937,817)   
152 : Entering 'Files' folder, now at: C:\Program Files (x86)\Steam\steamapps\common\GameGuru MAX\Files S:0MB   V: (3938,817)   
165 : set legacy convert mode                                                                 S:0MB   V: (3938,817)   
179 : _obs_memorychunkinit                                                                    S:0MB   V: (3938,817)   
196 : Guru-MapEditor                                                                          S:0MB   V: (3938,817)   
211 : detected map editor is in effect                                                        S:0MB   V: (3938,817)   
223 : setting display mode via DirectX                                                        S:0MB   V: (3938,817)   
239 : set camera aspect                                                                       S:0MB   V: (3938,817)   
250 : Special VR-Mode Flag: 0                                                                 S:-23MB V: (3914,817)   
263 : pixel states                                                                            S:0MB   V: (3914,817)   
273 : welcome_init(1)                                                                         S:-5MB  V: (3909,817)   
284 : IMG: languagebank\\artwork\welcome\animated-backdrop.png,65122,0,0                      S:2MB   V: (3911,817)   
294 : IMG: languagebank\\artwork\welcome-assets\splash-logo.bmp,65151,0,0                     S:1MB   V: (3913,817)   
306 : welcome_staticbackdrop();                                                               S:0MB   V: (3913,817)   
318 : welcome_init(2)                                                                         S:0MB   V: (3913,817)   
334 : IMG: languagebank\\artwork\welcome\welcome-page.png,65118,0,0                           S:2MB   V: (3915,817)   
346 : IMG: languagebank\\artwork\welcome-assets\product-logo.png,65119,0,0                    S:0MB   V: (3915,817)   
359 : IMG: languagebank\\artwork\welcome\animated-backdrop.png,65122,0,0                      S:3MB   V: (3919,817)   
371 : IMG: languagebank\\artwork\welcome\welcome-line-1.png,65141,0,0                         S:-8MB  V: (3910,817)   
384 : IMG: languagebank\\artwork\welcome\welcome-line-2.png,65142,0,0                         S:0MB   V: (3910,817)   
393 : IMG: languagebank\\artwork\welcome\welcome-line-3.png,65143,0,0                         S:0MB   V: (3910,817)   
402 : IMG: languagebank\\artwork\welcome\welcome-line-4.png,65144,0,0                         S:-5MB  V: (3905,817)   
412 : IMG: languagebank\\artwork\welcome\welcome-line-5.png,65145,0,0                         S:0MB   V: (3905,817)   
421 : IMG: languagebank\\artwork\welcome\welcome-line-6.png,65146,0,0                         S:0MB   V: (3905,817)   
433 : IMG: languagebank\\artwork\welcome\welcome-line-7.png,65147,0,0                         S:0MB   V: (3905,817)   
443 : IMG: languagebank\\artwork\welcome\welcome-line-8.png,65148,0,0                         S:0MB   V: (3905,817)   
454 : IMG: languagebank\\artwork\welcome\welcome-line-9.png,65149,0,0                         S:0MB   V: (3905,817)   
463 : LOADING FONTS                                                                           S:0MB   V: (3905,817)   
476 : initbitmapfont - startlegacy image loading                                              S:0MB   V: (3905,817)   
484 : initbitmapfont - deleting old images                                                    S:0MB   V: (3905,817)   
493 : initbitmapfont - first font load                                                        S:0MB   V: (3905,817)   
524 : initbitmapfont - first font shrink                                                      S:5MB   V: (3910,817)   
543 : initbitmapfont - remaining font loads                                                   S:0MB   V: (3911,817)   
670 : shrinkbitmapfont - new medium small size text                                           S:0MB   V: (3911,821)   
683 : initbitmapfont - finish legacy loading                                                  S:0MB   V: (3911,821)   
691 : Just about to read languagebank\english\textfiles\guru-wordcount.ini                    S:0MB   V: (3911,821)   
700 : Language File Path:C:\Program Files (x86)\Steam\steamapps\common\GameGuru MAX\Files\languagebank\english\textfiles (exist=1) S:-17MB V: (3893,821)   
723 : trueappname_s=Guru-MapEditor                                                            S:-2MB  V: (3891,821)   
733 : Create full path structure (0) for standalone executable                                S:0MB   V: (3891,821)   
759 : _mp_init:                                                                               S:0MB   V: (3891,821)   
767 : _material_init (0)                                                                      S:0MB   V: (3891,821)   
785 : We can write to the Game Guru folder!                                                   S:0MB   V: (3891,821)   
855 : ide input mode                                                                          S:-5MB  V: (3885,821)   
863 : choose VR system with mode 0                                                            S:0MB   V: (3885,821)   
871 : Error Choosing VR System : Code 1                                                       S:0MB   V: (3885,821)   
881 : switching VR off, headset not detected                                                  S:0MB   V: (3885,821)   
888 : sync states                                                                             S:0MB   V: (3885,821)   
896 : window states                                                                           S:0MB   V: (3885,821)   
905 : preload generic textures early                                                          S:0MB   V: (3885,821)   
912 : camera states                                                                           S:8MB   V: (3893,821)   
922 : memory states                                                                           S:1MB   V: (3894,821)   
1006 : pre widget init state                                                                  S:8MB   V: (3902,823)   
1014 : WIDGET INIT                                                                            S:0MB   V: (3902,823)   
1023 : widget status update                                                                   S:0MB   V: (3902,823)   
1113 : SLIDERS INIT                                                                           S:0MB   V: (3903,829)   
1120 : LOAD COMMON ASSETS                                                                     S:0MB   V: (3903,830)   
1129 : LOADING FONTS                                                                          S:0MB   V: (3903,830)   
1137 : initbitmapfont                                                                         S:0MB   V: (3903,830)   
1145 : initbitmapfont - startlegacy image loading                                             S:0MB   V: (3903,833)   
1154 : initbitmapfont - deleting old images                                                   S:8MB   V: (3912,833)   
1162 : initbitmapfont - first font load                                                       S:0MB   V: (3912,833)   
1183 : initbitmapfont - first font shrink                                                     S:0MB   V: (3912,842)   
1193 : initbitmapfont - remaining font loads                                                  S:0MB   V: (3912,843)   
1262 : shrinkbitmapfont - new medium small size text                                          S:2MB   V: (3915,850)   
1271 : initbitmapfont - finish legacy loading                                                 S:0MB   V: (3916,850)   
1279 : INIT VECTORS                                                                           S:0MB   V: (3915,850)   
1288 : INIT EDITOR RESOURCES                                                                  S:0MB   V: (3915,850)   
1296 : IMG: editors\gfx\memorymeter.png,65112,0,0                                             S:0MB   V: (3915,850)   
1328 : IMG: languagebank\english\artwork\testgamelayout-noweapons.png,65137,0,0               S:-9MB  V: (3906,850)   
1338 : LOAD MAIN RESOURCES                                                                    S:0MB   V: (3907,850)   
1347 : UPDATE VISUAL SETTINGS                                                                 S:0MB   V: (3907,850)   
1368 : wiRenderer::SetShadowProps2D: 5                                                        S:223MB V: (4130,850)   
1378 : wiRenderer::SetShadowPropsSpot2D: 2                                                    S:80MB  V: (4211,850)   
1385 : wiRenderer::SetShadowPropsCube: 2                                                      S:3MB   V: (4214,850)   
1395 :                                                                                        S:12MB  V: (4227,850)   
1416 : IMG: languagebank\english\artwork\welcome\welcome-play.png,65167,0,0                   S:0MB   V: (4226,850)   
1432 : IMG: languagebank\english\artwork\welcome-assets\product-example.png,65169,0,0         S:0MB   V: (4226,851)   
1441 : IMG: languagebank\english\artwork\welcome-assets\gameguru-news-banner.png,65174,0,0    S:0MB   V: (4226,851)   
1815 : IMG: editors\uiv3\pointer2.png,43046,0,0                                               S:0MB   V: (4227,851)   
1845 : IMG: editors\uiv3\ABOUT-Country.png,43052,0,0                                          S:0MB   V: (4227,852)   
2065 : IMG: entitybank\_markers\Trigger Zone.bmp,43093,0,0                                    S:1MB   V: (4228,853)   
2073 : IMG: entitybank\_markers\flag.bmp,43094,0,0                                            S:0MB   V: (4228,853)   
3130 : IMG: tutorialbank\welcome-video.jpg,43230,0,0                                          S:39MB  V: (4267,885)   
3842 : preload CCP textures early                                                             S:165MB V: (4433,965)   
3850 : preload FPE character types                                                            S:0MB   V: (4433,965)   
3877 : Guru Map Editor Loop Starts                                                            S:0MB   V: (4433,965)   
3999 : CSteamUserGeneratedWorkshopItem::RefreshItemsList()                                    S:-278MBV: (4155,946)   
5801 : CSteamUserGeneratedWorkshopItem::onWorkshopItemQueried                                 S:5MB   V: (4160,1002)  
5812 : MaxLua Application & Database                                                          S:0MB   V: (4160,1002)  
6035 : IMG: languagebank\english\artwork\welcome\welcome-play.png,65167,0,0                   S:2MB   V: (4162,1028)  
6045 : IMG: languagebank\english\artwork\welcome-assets\product-example.png,65169,0,0         S:0MB   V: (4162,1028)  
6052 : IMG: languagebank\english\artwork\welcome-assets\gameguru-news-banner.png,65174,0,0    S:0MB   V: (4162,1028)  
355620 : Tried adding path 'languagebank\neutral\gamecore\huds\panels' that does not exist here: languagebank\neutral\gamecore\huds\panels S:90MB  V: (4253,1574)  
355623 : Tried adding path 'gamecore\decals\splat' that does not exist here: gamecore\decals\splat S:0MB   V: (4253,1574)  
360467 : LOAD DELAYED COMMON ASSETS                                                           S:8MB   V: (4261,1574)  
360477 : INIT TERRAIN ASSETS                                                                  S:0MB   V: (4261,1574)  
360484 : INIT GAME VISUAL ASSETS                                                              S:0MB   V: (4261,1574)  
360493 : visuals.sky$=                                                                        S:0MB   V: (4261,1574)  
360502 : visuals.terrain$=                                                                    S:0MB   V: (4261,1574)  
360510 : visuals.vegetation$=                                                                 S:0MB   V: (4261,1574)  
360659 : INIT DECAL ASSETS                                                                    S:10MB  V: (4272,1574)  
360676 : total decals=27                                                                      S:0MB   V: (4272,1574)  
360691 : SCANNING G-LIST                                                                      S:0MB   V: (4272,1574)  
360749 : gun 1:aztec\AztecDagger\gunspec.txt                                                  S:0MB   V: (4272,1574)  
360757 : gun 2:enhanced\AK\gunspec.txt                                                        S:0MB   V: (4272,1574)  
360764 : gun 3:enhanced\AR\gunspec.txt                                                        S:0MB   V: (4272,1574)  
360773 : gun 4:enhanced\B810\gunspec.txt                                                      S:0MB   V: (4272,1574)  
360780 : gun 5:enhanced\Gloves_Unarmed\gunspec.txt                                            S:0MB   V: (4272,1574)  
360788 : gun 6:enhanced\M29S\gunspec.txt                                                      S:0MB   V: (4272,1574)  
360796 : gun 7:enhanced\M67\gunspec.txt                                                       S:0MB   V: (4272,1574)  
360804 : gun 8:enhanced\Mk18\gunspec.txt                                                      S:0MB   V: (4272,1574)  
360814 : gun 9:enhanced\Mk19T\gunspec.txt                                                     S:0MB   V: (4272,1574)  
360823 : gun 10:enhanced\R870\gunspec.txt                                                     S:0MB   V: (4272,1574)  
360830 : gun 11:enhanced\SledgeHammer\gunspec.txt                                             S:0MB   V: (4272,1574)  
360837 : gun 12:interactive\swimming\gunspec.txt                                              S:0MB   V: (4272,1574)  
360844 : gun 13:lowpoly\Adamant Grand Maul\gunspec.txt                                        S:0MB   V: (4272,1574)  
360852 : gun 14:lowpoly\Ancient Greatsword\gunspec.txt                                        S:0MB   V: (4272,1574)  
360860 : gun 15:lowpoly\Arcane Warhammer\gunspec.txt                                          S:0MB   V: (4272,1574)  
360868 : gun 16:lowpoly\Broad Mattock\gunspec.txt                                             S:0MB   V: (4272,1574)  
360876 : gun 17:lowpoly\Broadhead Mallet\gunspec.txt                                          S:0MB   V: (4272,1574)  
360884 : gun 18:lowpoly\Charged Claymore\gunspec.txt                                          S:0MB   V: (4272,1574)  
360892 : gun 19:lowpoly\Chunk O Meat\gunspec.txt                                              S:0MB   V: (4272,1574)  
360899 : gun 20:lowpoly\Claymore\gunspec.txt                                                  S:0MB   V: (4272,1574)  
360906 : gun 21:lowpoly\Crude Bone Mallet\gunspec.txt                                         S:0MB   V: (4272,1574)  
360915 : gun 22:lowpoly\Crude Mallet\gunspec.txt                                              S:0MB   V: (4272,1574)  
360923 : gun 23:lowpoly\Cruel Spiked Mallet\gunspec.txt                                       S:0MB   V: (4272,1574)  
360930 : gun 24:lowpoly\Curved Sabre\gunspec.txt                                              S:0MB   V: (4272,1574)  
360977 : gun 25:lowpoly\Dryad Foxglove Rod\gunspec.txt                                        S:0MB   V: (4272,1574)  
360989 : gun 26:lowpoly\Dryad Wand\gunspec.txt                                                S:0MB   V: (4272,1574)  
360996 : gun 27:lowpoly\Dull Cleaver\gunspec.txt                                              S:0MB   V: (4272,1574)  
361004 : gun 28:lowpoly\Elemental Acid Cleaver\gunspec.txt                                    S:0MB   V: (4272,1574)  
361012 : gun 29:lowpoly\Elemental Fire Cleaver\gunspec.txt                                    S:0MB   V: (4272,1574)  
361020 : gun 30:lowpoly\Elemental Poison Cleaver\gunspec.txt                                  S:0MB   V: (4272,1574)  
361027 : gun 31:lowpoly\Guarded Sabre\gunspec.txt                                             S:0MB   V: (4272,1574)  
361035 : gun 32:lowpoly\Heavy Battle Hammer\gunspec.txt                                       S:0MB   V: (4272,1574)  
361043 : gun 33:lowpoly\Heavy Crossblade Axe\gunspec.txt                                      S:0MB   V: (4272,1574)  
361051 : gun 34:lowpoly\Heavy Lumphammer\gunspec.txt                                          S:0MB   V: (4272,1574)  
361059 : gun 35:lowpoly\Infernal Reaver\gunspec.txt                                           S:0MB   V: (4272,1574)  
361069 : gun 36:lowpoly\Jagged Cleaver\gunspec.txt                                            S:0MB   V: (4272,1574)  
361077 : gun 37:lowpoly\Knobbled Baton\gunspec.txt                                            S:0MB   V: (4272,1574)  
361085 : gun 38:lowpoly\Mechanical Cleaver\gunspec.txt                                        S:0MB   V: (4272,1574)  
361092 : gun 39:lowpoly\Mystic Sabre\gunspec.txt                                              S:0MB   V: (4272,1574)  
361100 : gun 40:lowpoly\Mystic Short Cleaver\gunspec.txt                                      S:0MB   V: (4272,1574)  
361107 : gun 41:lowpoly\Necromancer Blade\gunspec.txt                                         S:0MB   V: (4272,1574)  
361115 : gun 42:lowpoly\Necromancer Greatax\gunspec.txt                                       S:0MB   V: (4272,1574)  
361123 : gun 43:lowpoly\Ornate Broadhead Mallet\gunspec.txt                                   S:0MB   V: (4272,1574)  
361131 : gun 44:lowpoly\Pious Shortsword\gunspec.txt                                          S:0MB   V: (4272,1574)  
361139 : gun 45:lowpoly\Plain Cleaver\gunspec.txt                                             S:0MB   V: (4272,1574)  
361146 : gun 46:lowpoly\Poison Core Cleaver\gunspec.txt                                       S:0MB   V: (4272,1574)  
361155 : gun 47:lowpoly\Reapers Scythe\gunspec.txt                                            S:0MB   V: (4272,1574)  
361162 : gun 48:lowpoly\Ripped Broadsword\gunspec.txt                                         S:0MB   V: (4272,1574)  
361170 : gun 49:lowpoly\Serrated Chopper\gunspec.txt                                          S:0MB   V: (4272,1574)  
361178 : gun 50:lowpoly\Sharp Chopper\gunspec.txt                                             S:0MB   V: (4272,1574)  
361185 : gun 51:lowpoly\Sharp Greatax\gunspec.txt                                             S:0MB   V: (4272,1574)  
361193 : gun 52:lowpoly\Short Cleaver\gunspec.txt                                             S:0MB   V: (4272,1574)  
361200 : gun 53:lowpoly\Short Iron Cleaver\gunspec.txt                                        S:0MB   V: (4272,1574)  
361208 : gun 54:lowpoly\Solid Steel Maul\gunspec.txt                                          S:0MB   V: (4272,1574)  
361216 : gun 55:lowpoly\Spiked Heavy Cleaver\gunspec.txt                                      S:0MB   V: (4272,1574)  
361224 : gun 56:lowpoly\Spiked Sledgehammer\gunspec.txt                                       S:0MB   V: (4272,1574)  
361233 : gun 57:lowpoly\Spikey Club\gunspec.txt                                               S:0MB   V: (4272,1574)  
361241 : gun 58:lowpoly\Stout Heavy Blade\gunspec.txt                                         S:0MB   V: (4272,1574)  
361252 : gun 59:lowpoly\Stripped Baton\gunspec.txt                                            S:0MB   V: (4272,1574)  
361260 : gun 60:lowpoly\Stylish Chopper\gunspec.txt                                           S:0MB   V: (4272,1574)  
361269 : gun 61:lowpoly\Templar Mace\gunspec.txt                                              S:0MB   V: (4272,1574)  
361277 : gun 62:lowpoly\Thunderous Warhammer\gunspec.txt                                      S:0MB   V: (4272,1574)  
361285 : gun 63:lowpoly\Wicked Longsword\gunspec.txt                                          S:0MB   V: (4272,1574)  
361293 : gun 64:lowpoly\Wight Blade\gunspec.txt                                               S:0MB   V: (4272,1574)  
361301 : gun 65:lowpoly\Woodchopper\gunspec.txt                                               S:0MB   V: (4272,1574)  
361309 : gun 66:lowpoly\Wooden Rod\gunspec.txt                                                S:0MB   V: (4272,1574)  
361317 : gun 67:max\Colt\gunspec.txt                                                          S:0MB   V: (4272,1574)  
361326 : gun 68:modern\RPG\gunspec.txt                                                        S:0MB   V: (4272,1574)  
361334 : gun 69:Slot Not Used\gunspec.txt                                                     S:0MB   V: (4272,1574)  
361341 : gun 70:tools\Hammer\gunspec.txt                                                      S:0MB   V: (4272,1574)  
361350 : gun 71:tools\Handsaw\gunspec.txt                                                     S:0MB   V: (4272,1574)  
361357 : gun 72:tools\Shovel\gunspec.txt                                                      S:0MB   V: (4272,1574)  
361397 : total guns=72                                                                        S:0MB   V: (4272,1574)  
361460 : new total guns=72                                                                    S:0MB   V: (4272,1574)  
362869 : LOAD PLAYER SOUNDS                                                                   S:0MB   V: (4272,1574)  
363300 : CREATING TERRAIN                                                                     S:22MB  V: (4294,1574)  
363308 : NEWMAP: Starting new map                                                             S:0MB   V: (4294,1574)  
363438 : visuals.sky$=                                                                        S:0MB   V: (4294,1574)  
363446 : visuals.terrain$=                                                                    S:0MB   V: (4294,1574)  
363455 : visuals.vegetation$=                                                                 S:0MB   V: (4294,1574)  
363465 : NEWMAP: _gridedit_clear_settings                                                     S:10MB  V: (4304,1574)  
363472 : NEWMAP: cleantestmapfolder                                                           S:0MB   V: (4304,1574)  
363520 : total extra PFBs=1                                                                   S:16MB  V: (4320,1574)  
363528 : NEWMAP: _terrain_createactualterrain                                                 S:0MB   V: (4320,1574)  
363537 : NEWMAP: Save newly flattened terrain                                                 S:0MB   V: (4320,1574)  
363545 : NEWMAP: Save terrain data                                                            S:0MB   V: (4320,1574)  
363553 : NEWMAP: Finish creating new map                                                      S:0MB   V: (4320,1574)  
363561 : SCANNING SKY SETTINGS                                                                S:0MB   V: (4320,1574)  
363570 : Initialise sky textures                                                              S:0MB   V: (4320,1574)  
363580 : Load sky cube:skybank\\_cube.dds                                                     S:0MB   V: (4320,1574)  
363591 : update probes for the sky                                                            S:9MB   V: (4329,1574)  
363602 :                                                                                      S:0MB   V: (4329,1574)  
363610 : INIT POST PROCESSING                                                                 S:0MB   V: (4329,1574)  
363618 : INIT RAGDOLL SYSTEM                                                                  S:0MB   V: (4329,1574)  
363627 : CREATING P-LIST                                                                      S:0MB   V: (4329,1574)  
363636 : Preparing ProjectileTypes                                                            S:0MB   V: (4329,1574)  
363646 : Loading ProjectileTypes                                                              S:0MB   V: (4329,1574)  
363654 : common\explode\a.dds                                                                 S:0MB   V: (4329,1574)  
363662 : common\explode\b.dds                                                                 S:0MB   V: (4329,1574)  
363672 : common\explode\c.dds                                                                 S:0MB   V: (4329,1574)  
363680 : common\explode\explode.txt                                                           S:0MB   V: (4329,1574)  
363690 : common\explode                                                                       S:0MB   V: (4329,1574)  
363780 : loadinternaltextureex (effectbank\reloaded\media\detail_default.dds, 1, 0)=0         S:0MB   V: (4329,1574)  
363814 : common\explode\instantexplode.wav                                                    S:0MB   V: (4329,1574)  
363822 : enhanced\m67\a.dds                                                                   S:0MB   V: (4329,1574)  
363831 : enhanced\m67\b.dds                                                                   S:0MB   V: (4329,1574)  
363839 : enhanced\m67\c.dds                                                                   S:0MB   V: (4329,1574)  
363848 : enhanced\m67\handgrenadeexplode.wav                                                  S:0MB   V: (4329,1574)  
363855 : enhanced\m67\handgrenadefallhard.wav                                                 S:0MB   V: (4329,1574)  
363865 : enhanced\m67\handgrenadefallsoft.wav                                                 S:0MB   V: (4329,1574)  
363873 : enhanced\m67\m67.dbo                                                                 S:0MB   V: (4329,1574)  
363880 : enhanced\m67\m67.txt                                                                 S:0MB   V: (4329,1574)  
363921 : enhanced\m67                                                                         S:0MB   V: (4329,1574)  
364036 : enhanced\m67\m67_D.dds                                                               S:3MB   V: (4333,1577)  
364044 : enhanced\m67\m67_N.dds                                                               S:0MB   V: (4333,1577)  
364054 : enhanced\m67\m67_S.dds                                                               S:0MB   V: (4333,1577)  
364063 : enhanced\m67\m67_surface.dds                                                         S:0MB   V: (4333,1577)  
364073 : modern\rpggrenade\rpggrenade.txt                                                     S:0MB   V: (4333,1577)  
364083 : modern\rpggrenade                                                                    S:0MB   V: (4333,1577)  
364380 : modern\rpggrenade\rpggrenade.x                                                       S:2MB   V: (4335,1578)  
364388 : modern\rpggrenade\rpggrenadeexplode.wav                                              S:0MB   V: (4335,1578)  
364401 : modern\rpggrenade\rpggrenadefly.wav                                                  S:0MB   V: (4335,1578)  
364415 : modern\rpggrenade\rpggrenade_D.dds                                                   S:0MB   V: (4335,1578)  
364427 : modern\rpggrenade\rpggrenade_N.dds                                                   S:0MB   V: (4335,1578)  
364437 : modern\rpggrenade\rpggrenade_S.dds                                                   S:0MB   V: (4335,1578)  
364446 : modern\rpggrenade\rpggrenade_surface.dds                                             S:0MB   V: (4335,1578)  
364454 : TracerParticle.dbo                                                                   S:0MB   V: (4335,1578)  
364464 :                                                                                      S:0MB   V: (4335,1578)  
364473 : CREATING E-LIST                                                                      S:0MB   V: (4335,1578)  
364567 : LOADING INTO P-LIST                                                                  S:11MB  V: (4346,1579)  
364577 : REFRESH SKY ASSETS                                                                   S:0MB   V: (4346,1579)  
364587 : entering skybank                                                                     S:0MB   V: (4346,1579)  
364596 : checking skybank files                                                               S:0MB   V: (4346,1579)  
364607 : clear                                                                                S:0MB   V: (4346,1579)  
364628 : cloudy                                                                               S:0MB   V: (4347,1579)  
364647 : highcloud                                                                            S:0MB   V: (4347,1579)  
364673 : night                                                                                S:0MB   V: (4347,1579)  
364691 : overcast                                                                             S:0MB   V: (4347,1580)  
364708 : stormy                                                                               S:0MB   V: (4347,1580)  
364725 : sunny                                                                                S:0MB   V: (4348,1580)  
364745 : sunrise                                                                              S:0MB   V: (4348,1580)  
364765 : sunset                                                                               S:0MB   V: (4348,1580)  
364784 : entering skybank                                                                     S:0MB   V: (4348,1581)  
364794 : finished sky bank scan                                                               S:0MB   V: (4348,1581)  
364802 : REFRESH B-LIST ASSETS                                                                S:0MB   V: (4348,1581)  
366192 : loading in collection - items.tsv                                                    S:235MB V: (4583,2257)  
366204 : loading collection complete                                                          S:0MB   V: (4584,2260)  
367207 : REFRESH SKY ASSETS                                                                   S:-1MB  V: (4582,2269)  
367215 : entering skybank                                                                     S:0MB   V: (4582,2269)  
367223 : checking skybank files                                                               S:0MB   V: (4582,2269)  
367231 : clear                                                                                S:0MB   V: (4582,2269)  
367241 : cloudy                                                                               S:0MB   V: (4582,2269)  
367250 : highcloud                                                                            S:0MB   V: (4582,2269)  
367259 : night                                                                                S:0MB   V: (4582,2269)  
367268 : overcast                                                                             S:0MB   V: (4583,2270)  
367277 : stormy                                                                               S:0MB   V: (4583,2270)  
367287 : sunny                                                                                S:0MB   V: (4583,2270)  
367295 : sunrise                                                                              S:0MB   V: (4583,2270)  
367305 : sunset                                                                               S:0MB   V: (4583,2270)  
367315 : entering skybank                                                                     S:0MB   V: (4583,2270)  
367325 : finished sky bank scan                                                               S:0MB   V: (4583,2270)  
367333 : REFRESH B-LIST ASSETS                                                                S:0MB   V: (4583,2270)  
367607 : IMG: editors\uiv3\user-splash-screen.png,49000,0,0                                   S:44MB  V: (4627,2314)  
1281144 : saving collection - items.tsv                                                       S:-100MBV: (4527,1364)  
1281155 : DONE saving collection - items.tsv                                                  S:0MB   V: (4527,1364)  
1281161 : saving collection - quests.tsv                                                      S:0MB   V: (4527,1364)  
1281169 : DONE saving collection - quests.tsv                                                 S:0MB   V: (4527,1364)  
1775264 : loading in collection - items.tsv                                                   S:49MB  V: (4577,1382)  
1775273 : title	profile	image	description	cost	value	container	ingredients	style              S:0MB   V: (4577,1382)  
1775280 :                                                                                     S:0MB   V: (4577,1382)  
1775288 : loading collection complete                                                         S:0MB   V: (4577,1382)  
1775422 : REFRESH SKY ASSETS                                                                  S:62MB  V: (4640,1383)  
1775430 : entering skybank                                                                    S:0MB   V: (4640,1383)  
1775438 : checking skybank files                                                              S:0MB   V: (4640,1383)  
1775447 : clear                                                                               S:0MB   V: (4640,1383)  
1775456 : cloudy                                                                              S:0MB   V: (4640,1383)  
1775467 : highcloud                                                                           S:0MB   V: (4640,1384)  
1775476 : night                                                                               S:0MB   V: (4640,1384)  
1775486 : overcast                                                                            S:0MB   V: (4641,1384)  
1775497 : stormy                                                                              S:0MB   V: (4641,1384)  
1775507 : sunny                                                                               S:0MB   V: (4641,1385)  
1775516 : sunrise                                                                             S:0MB   V: (4641,1385)  
1775526 : sunset                                                                              S:0MB   V: (4642,1385)  
1775538 : entering skybank                                                                    S:0MB   V: (4642,1385)  
1775546 : finished sky bank scan                                                              S:0MB   V: (4642,1385)  
1775554 : REFRESH B-LIST ASSETS                                                               S:0MB   V: (4642,1385)  
1776846 : REFRESHING LIBRARY FOLDERS                                                          S:187MB V: (4830,1687)  
1777245 : RESCANNING G-LIST                                                                   S:1MB   V: (4831,1687)  
1777305 : new total guns=72                                                                   S:0MB   V: (4831,1687)  
1777324 : new total decals=27                                                                 S:0MB   V: (4831,1687)  
2009022 : loading in collection - items.tsv                                                   S:-14MB V: (4817,1385)  
2009030 : title	profile	image	description	cost	value	container	ingredients	style              S:0MB   V: (4817,1385)  
2009039 :                                                                                     S:0MB   V: (4817,1385)  
2009047 : loading collection complete                                                         S:0MB   V: (4817,1385)  
2009198 : REFRESH SKY ASSETS                                                                  S:45MB  V: (4862,1466)  
2009207 : entering skybank                                                                    S:0MB   V: (4862,1466)  
2009215 : checking skybank files                                                              S:0MB   V: (4862,1466)  
2009224 : clear                                                                               S:0MB   V: (4862,1466)  
2009233 : cloudy                                                                              S:0MB   V: (4861,1466)  
2009243 : highcloud                                                                           S:0MB   V: (4861,1466)  
2009254 : night                                                                               S:0MB   V: (4861,1467)  
2009264 : overcast                                                                            S:0MB   V: (4861,1467)  
2009274 : stormy                                                                              S:0MB   V: (4861,1467)  
2009283 : sunny                                                                               S:0MB   V: (4861,1467)  
2009293 : sunrise                                                                             S:0MB   V: (4861,1467)  
2009302 : sunset                                                                              S:0MB   V: (4861,1468)  
2009313 : entering skybank                                                                    S:0MB   V: (4861,1468)  
2009322 : finished sky bank scan                                                              S:0MB   V: (4861,1468)  
2009331 : REFRESH B-LIST ASSETS                                                               S:0MB   V: (4861,1468)  
2010435 : REFRESHING LIBRARY FOLDERS                                                          S:174MB V: (5035,1687)  
2010838 : RESCANNING G-LIST                                                                   S:-5MB  V: (5030,1687)  
2010898 : new total guns=72                                                                   S:0MB   V: (5030,1687)  
2010916 : new total decals=27                                                                 S:0MB   V: (5030,1687)  
2057417 : GGTerrain_RemoveAllFlatAreas:1                                                      S:-79MB V: (4950,1619)  
2057624 : visuals.sky$=None                                                                   S:10MB  V: (4960,1629)  
2057632 : visuals.terrain$=                                                                   S:0MB   V: (4960,1629)  
2057641 : visuals.vegetation$=                                                                S:0MB   V: (4960,1629)  
2057651 : _mapfile_loadproject_fpm: mapbank\Aegis Reach - Relayfall.fpm C:\Program Files (x86)\Steam\steamapps\common\GameGuru MAX\Files S:8MB   V: (4969,1629)  
2057660 : LOADMAP: mapfile_emptylightmapandttsfilesfolder_wicked                              S:0MB   V: (4969,1629)  
2057675 : LOADMAP: read FPM block                                                             S:0MB   V: (4969,1629)  
2057745 : LOADMAP: load in visuals                                                            S:27MB  V: (4996,1629)  
2057758 : LOADMAP: apply visuals                                                              S:0MB   V: (4996,1629)  
2057770 : NEWMAP: Starting new map                                                            S:0MB   V: (4996,1629)  
2057920 : visuals.sky$=None                                                                   S:0MB   V: (4996,1629)  
2057930 : visuals.terrain$=                                                                   S:0MB   V: (4996,1629)  
2057937 : visuals.vegetation$=                                                                S:0MB   V: (4996,1629)  
2057948 : NEWMAP: _gridedit_clear_settings                                                    S:8MB   V: (5005,1629)  
2057955 : NEWMAP: mapfile_emptylightmapandttsfilesfolder_wicked                               S:0MB   V: (5005,1629)  
2058031 : NEWMAP: mapfile_emptyebesfromtestmapfolder                                          S:0MB   V: (5005,1629)  
2058038 : NEWMAP: gridedit_emptyallcustomfiles                                                S:0MB   V: (5005,1629)  
2058045 : NEWMAP: gridedit_emptyrogueoldfiles                                                 S:0MB   V: (5005,1629)  
2058054 : map.ele                                                                             S:0MB   V: (5005,1629)  
2058087 : NEWMAP: _gridedit_clear_map                                                         S:16MB  V: (5021,1629)  
2058102 : _gun_releaseresources                                                               S:0MB   V: (5021,1629)  
2058504 : NEWMAP: _waypoint_deleteall                                                         S:0MB   V: (5021,1629)  
2058512 : NEWMAP: _gridedit_updatemapbeforeedit                                               S:0MB   V: (5021,1629)  
2058521 : total extra PFBs=1                                                                  S:0MB   V: (5021,1629)  
2058528 : NEWMAP: _editor_filemapdefaultinitfornew                                            S:0MB   V: (5021,1629)  
2058535 : NEWMAP: _terrain_createactualterrain                                                S:0MB   V: (5021,1629)  
2058544 : NEWMAP: Save newly flattened terrain                                                S:0MB   V: (5021,1629)  
2058551 : NEWMAP: Save terrain data                                                           S:0MB   V: (5021,1629)  
2058558 : NEWMAP: Save terrain mask data                                                      S:0MB   V: (5021,1629)  
2058567 : NEWMAP: Finish t.terrain generation                                                 S:0MB   V: (5021,1629)  
2058574 : NEWMAP: Finish creating new map                                                     S:0MB   V: (5021,1629)  
2058583 : Setup objects: 0                                                                    S:0MB   V: (5021,1629)  
2058590 : End Setup objects:                                                                  S:0MB   V: (5021,1629)  
2058600 : Instanced objects: 0                                                                S:0MB   V: (5021,1629)  
2062729 : PREVIEWMAP: Save config                                                             S:157MB V: (5178,2156)  
2062739 : entering skybank                                                                    S:0MB   V: (5178,2156)  
2062752 : checking skybank files                                                              S:0MB   V: (5178,2156)  
2062762 : clear                                                                               S:0MB   V: (5178,2156)  
2062777 : cloudy                                                                              S:0MB   V: (5177,2156)  
2062789 : highcloud                                                                           S:0MB   V: (5177,2156)  
2062804 : night                                                                               S:0MB   V: (5177,2156)  
2062815 : overcast                                                                            S:0MB   V: (5177,2156)  
2062826 : stormy                                                                              S:0MB   V: (5177,2157)  
2062836 : sunny                                                                               S:0MB   V: (5177,2157)  
2062846 : sunrise                                                                             S:0MB   V: (5177,2157)  
2062857 : sunset                                                                              S:0MB   V: (5177,2157)  
2062869 : entering skybank                                                                    S:0MB   V: (5177,2157)  
2062876 : finished sky bank scan                                                              S:0MB   V: (5177,2157)  
2062885 : _game_oneoff_nongraphics                                                            S:0MB   V: (5177,2158)  
2062946 : new total guns=72                                                                   S:-2MB  V: (5174,2158)  
2062984 : _game_setresolution                                                                 S:224MB V: (5399,2342)  
2062994 : _titles_init                                                                        S:0MB   V: (5399,2338)  
2063002 : _titles_titlepage                                                                   S:0MB   V: (5399,2284)  
2063064 : new total guns=72                                                                   S:-101MBV: (5297,2194)  
2063072 : _titles_loadingpageupdate                                                           S:0MB   V: (5297,2194)  
2063081 : _game_loadinentitiesdatainlevel                                                     S:0MB   V: (5297,2194)  
2063089 : _material_loadsounds (18)                                                           S:0MB   V: (5297,2194)  
2063097 : LOADING MATERIAL SOUND 1                                                            S:0MB   V: (5297,2194)  
2063212 : LOADING MATERIAL SOUND 2                                                            S:0MB   V: (5298,2194)  
2063339 : LOADING MATERIAL SOUND 3                                                            S:0MB   V: (5298,2194)  
2063460 : LOADING MATERIAL SOUND 4                                                            S:0MB   V: (5299,2194)  
2063584 : LOADING MATERIAL SOUND 5                                                            S:0MB   V: (5299,2194)  
2063592 : LOADING MATERIAL SOUND 6                                                            S:0MB   V: (5299,2194)  
2063601 : LOADING MATERIAL SOUND 7                                                            S:0MB   V: (5299,2194)  
2063683 : LOADING MATERIAL SOUND 8                                                            S:0MB   V: (5299,2194)  
2063691 : LOADING MATERIAL SOUND 9                                                            S:0MB   V: (5299,2194)  
2063699 : LOADING MATERIAL SOUND 10                                                           S:0MB   V: (5299,2194)  
2063707 : LOADING MATERIAL SOUND 11                                                           S:0MB   V: (5299,2194)  
2063836 : LOADING MATERIAL SOUND 12                                                           S:0MB   V: (5299,2194)  
2063962 : LOADING MATERIAL SOUND 13                                                           S:0MB   V: (5300,2194)  
2063970 : LOADING MATERIAL SOUND 14                                                           S:0MB   V: (5300,2194)  
2064094 : LOADING MATERIAL SOUND 15                                                           S:0MB   V: (5300,2194)  
2064102 : LOADING MATERIAL SOUND 16                                                           S:0MB   V: (5300,2194)  
2064111 : LOADING MATERIAL SOUND 17                                                           S:0MB   V: (5300,2194)  
2064118 : LOADING MATERIAL SOUND 18                                                           S:0MB   V: (5300,2194)  
2064235 : LOADING MATERIAL SOUND 19                                                           S:4MB   V: (5305,2194)  
2064370 : _game_loadinleveldata                                                               S:1MB   V: (5306,2194)  
2064383 : _game_preparelevel:                                                                 S:0MB   V: (5306,2195)  
2064461 : LOADING HUD GRAPHICS                                                                S:0MB   V: (5307,2205)  
2064469 : LOADING SKY                                                                         S:0MB   V: (5307,2205)  
2064477 : Initialise sky textures                                                             S:0MB   V: (5307,2205)  
2064484 : Load sky cube:skybank\None\None_cube.dds                                            S:0MB   V: (5307,2205)  
2064491 : delete any old sky                                                                  S:0MB   V: (5307,2205)  
2064499 : update probes for the sky                                                           S:0MB   V: (5307,2205)  
2064505 : None                                                                                S:0MB   V: (5307,2205)  
2064514 : LOADING HUD LAYERS                                                                  S:0MB   V: (5307,2205)  
2064521 : LOADING WATER SYSTEM                                                                S:0MB   V: (5307,2205)  
2064529 : LOADING A.I SYSTEM                                                                  S:0MB   V: (5307,2205)  
2064538 : PREPARING A.I SYSTEM                                                                S:0MB   V: (5307,2205)  
2064547 : RESETTING WAYPOINTS A.I                                                             S:0MB   V: (5307,2205)  
2064554 : CREATING ENTITY A.I                                                                 S:0MB   V: (5307,2205)  
2064562 : Configure entity instances for use                                                  S:0MB   V: (5307,2205)  
2064570 : Configure entity attachments and AI obstacles                                       S:0MB   V: (5307,2205)  
2064578 : LOADING NEW WEAPONS                                                                 S:0MB   V: (5307,2205)  
2064589 : SETTING UP CHARACTERS                                                               S:0MB   V: (5307,2205)  
2064598 : CREATING A.I OBSTACLES                                                              S:0MB   V: (5307,2205)  
2064605 : PREPARING DYNAMIC LIGHTS                                                            S:0MB   V: (5307,2205)  
2064615 : LOADING DECAL EFFECTS                                                               S:0MB   V: (5307,2205)  
2065175 : Loaded scriptbank\global.lua                                                        S:173MB V: (5480,2287)  
2065183 : GENERATING LIP SYNC DATA                                                            S:0MB   V: (5480,2287)  
2065224 : GENERATING TERRAIN SUPER TEXTURE                                                    S:304MB V: (5785,2301)  
2065231 : INITIALIZING POSTPROCESS                                                            S:0MB   V: (5785,2301)  
2065239 : check if VR required with codes 0 and 0                                             S:0MB   V: (5785,2301)  
2065248 : postprocessing initialized                                                          S:0MB   V: (5785,2301)  
2065256 : INITIALIZING PHYSICS                                                                S:0MB   V: (5785,2301)  
2065274 : _physics_createterraincollision                                                     S:5MB   V: (5791,2301)  
2065282 : detect and define play area                                                         S:0MB   V: (5791,2301)  
2065295 : Introduce all characters                                                            S:0MB   V: (5791,2302)  
2065302 : Activate Occlusion System                                                           S:0MB   V: (5791,2302)  
2065311 : Entity Initiations                                                                  S:0MB   V: (5791,2302)  
2065584 : Fill Veg Areas                                                                      S:0MB   V: (5791,2302)  
2065592 : draw call optimizer.                                                                S:0MB   V: (5791,2302)  
2065601 : Attempt to create nav mesh                                                          S:0MB   V: (5791,2302)  
2065846 : Generating raw nav mesh vertices for build                                          S:4MB   V: (5796,2306)  
2065965 : Delete temporary nav mesh super object                                              S:-25MB V: (5770,2314)  
2065973 : Using recast to build the nav mesh                                                  S:-1MB  V: (5769,2314)  
2066028 : STARTING GAME                                                                       S:0MB   V: (5770,2314)  
2066035 : immediate title settings applied                                                    S:0MB   V: (5770,2314)  
2066043 : main game loop begins                                                               S:0MB   V: (5770,2314)  
2072854 : resuming game loop with flag 0                                                      S:-208MBV: (5561,2226)  
2072882 : finalising LUA system before reset                                                  S:-8MB  V: (5553,2226)  
2072905 : resetting LUA system                                                                S:0MB   V: (5553,2226)  
2072921 : end of level stage                                                                  S:-5MB  V: (5547,2226)  
2072947 : initbitmapfont - startlegacy image loading                                          S:-5MB  V: (5542,2226)  
2072955 : initbitmapfont - deleting old images                                                S:0MB   V: (5542,2226)  
2072964 : initbitmapfont - first font load                                                    S:0MB   V: (5542,2226)  
2072990 : initbitmapfont - first font shrink                                                  S:0MB   V: (5542,2227)  
2073002 : initbitmapfont - remaining font loads                                               S:0MB   V: (5542,2227)  
2073101 : shrinkbitmapfont - new medium small size text                                       S:6MB   V: (5549,2234)  
2073109 : initbitmapfont - finish legacy loading                                              S:0MB   V: (5549,2234)  
2287321 : WM_CLOSE                                                                            S:-479MBV: (5070,1387)  
2287533 : saving collection - items.tsv                                                       S:0MB   V: (5070,1387)  
2287544 : DONE saving collection - items.tsv                                                  S:0MB   V: (5070,1387)  
2287552 : saving collection - quests.tsv                                                      S:0MB   V: (5070,1387)  
2287560 : DONE saving collection - quests.tsv                                                 S:0MB   V: (5070,1387)  
2287582 : Clearing 18 TXP cache files                                                         S:8MB   V: (5078,1387)  
2287594 : Clearing complete.                                                                  S:0MB   V: (5078,1387)  
