2026-09-06 15:53:24 director_init entity=93
2026-09-06 15:53:26 mission_started health=200 player=0,675,-2700
2026-09-06 15:53:26 tick entities=39 hostiles=0 phase=1 health=200 player=0,675,-2700
2026-09-06 15:53:41 tick entities=39 hostiles=11 phase=1 health=200 player=298.94387817383,634.99597167969,-2196.9477539062
2026-09-06 15:53:56 tick entities=39 hostiles=11 phase=1 health=200 player=-619.99798583984,634.99597167969,-1088.1635742188
2026-09-06 15:54:11 tick entities=40 hostiles=9 phase=1 health=200 player=629.05004882812,634.99597167969,621.71606445312
2026-09-06 15:54:26 tick entities=41 hostiles=7 phase=1 health=200 player=810.53216552734,634.99597167969,627.97454833984
2026-09-06 15:54:41 tick entities=41 hostiles=7 phase=1 health=200 player=-164.06819152832,634.99597167969,2820.2990722656
2026-09-06 15:54:56 tick entities=41 hostiles=6 phase=1 health=200 player=-90.504333496094,635.00244140625,2990.9885253906
2026-09-06 15:58:18 director_init entity=93
2026-09-06 15:58:20 mission_started health=200 player=0,675,-2700
2026-09-06 15:58:20 tick entities=39 hostiles=0 phase=1 health=200 player=0,675,-2700
2026-09-06 15:58:35 tick entities=39 hostiles=10 phase=1 health=69 player=-932.47161865234,634.99597167969,-1713.4024658203
2026-09-06 15:58:50 tick entities=40 hostiles=9 phase=1 health=73 player=-758.59545898438,634.99597167969,475.44259643555
2026-09-06 15:59:05 tick entities=41 hostiles=8 phase=1 health=107 player=-476.15045166016,634.99597167969,-2698.3837890625
2026-09-06 15:59:20 tick entities=41 hostiles=7 phase=1 health=99 player=-831.53002929688,634.99597167969,-890.45080566406
2026-09-06 15:59:35 tick entities=42 hostiles=6 phase=1 health=169 player=251.49458312988,634.99597167969,2469.1330566406
2026-09-06 15:59:50 tick entities=42 hostiles=5 phase=1 health=164 player=481.46951293945,634.99597167969,-1867.1735839844
2026-09-06 16:00:05 tick entities=42 hostiles=4 phase=1 health=200 player=-0.48686119914055,649.99621582031,-2326.8530273438
2026-09-06 16:00:20 tick entities=43 hostiles=2 phase=1 health=1 player=-355.64184570312,634.99597167969,-1183.5697021484
2026-09-06 16:00:35 tick entities=43 hostiles=1 phase=1 health=101 player=1484.9989013672,634.99597167969,1550.2185058594
2026-09-06 16:00:50 tick entities=43 hostiles=1 phase=1 health=101 player=1102.0236816406,634.99597167969,1311.7882080078
2026-09-06 16:01:05 tick entities=43 hostiles=1 phase=1 health=101 player=-1282.1329345703,634.99597167969,3442.5241699219
2026-09-06 16:01:20 tick entities=43 hostiles=1 phase=1 health=101 player=1419.6368408203,634.99597167969,1733.1130371094
2026-09-06 16:01:35 tick entities=43 hostiles=0 phase=1 health=101 player=1345.9390869141,634.99597167969,-405.55426025391
2026-09-06 16:01:50 tick entities=43 hostiles=0 phase=1 health=101 player=-121.38270568848,634.99597167969,-522.27673339844
2026-09-06 16:02:05 tick entities=43 hostiles=0 phase=1 health=101 player=-910.87945556641,634.99597167969,1782.2650146484
2026-09-06 16:02:20 tick entities=43 hostiles=0 phase=1 health=101 player=-489.95355224609,634.99597167969,3550.8098144531
